******************************************************************************
                  TI ARM Linker PC v20.2.3                     
******************************************************************************
>> Linked Sun Mar 21 15:27:32 2021

OUTPUT FILE NAME:   <Uart_data_transfer.out>
ENTRY POINT SYMBOL: "_c_int00_noargs"  address: 00002bf9


MEMORY CONFIGURATION

         name            origin    length      used     unused   attr    fill
----------------------  --------  ---------  --------  --------  ----  --------
  FLASH                 00000000   00100000  000035bc  000fca44  R  X
  SRAM                  20000000   00040000  00000906  0003f6fa  RW X


SEGMENT ALLOCATION MAP

run origin  load origin   length   init length attrs members
----------  ----------- ---------- ----------- ----- -------
00000000    00000000    000035c0   000035c0    r-x
  00000000    00000000    00000208   00000208    r-- .intvecs
  00000208    00000208    00002a94   00002a94    r-x .text
  00002c9c    00002c9c    00000608   00000608    r-- .const
  000032a8    000032a8    00000318   00000318    r-- .cinit
20000000    20000000    00000909   00000000    rw-
  20000000    20000000    0000026c   00000000    rw- .vtable
  2000026c    2000026c    00000391   00000000    rw- .data
  20000600    20000600    00000200   00000000    rw- .stack
  20000800    20000800    00000109   00000000    rw- .bss


SECTION ALLOCATION MAP

 output                                  attributes/
section   page    origin      length       input sections
--------  ----  ----------  ----------   ----------------
.intvecs   0    00000000    00000208     
                  00000000    00000208     tm4c129encpdt_startup_ccs.obj (.intvecs)

.text      0    00000208    00002a94     
                  00000208    00000f80     sysctl.obj (.text)
                  00001188    00000b94     gpio.obj (.text)
                  00001d1c    0000062e     uart.obj (.text)
                  0000234a    00000002     --HOLE-- [fill = 0]
                  0000234c    000003c0     interrupt.obj (.text)
                  0000270c    000001f0     MB_Processor.obj (.text)
                  000028fc    00000148     main.obj (.text)
                  00002a44    0000009c     rtsv7M4_T_le_v4SPD16_eabi.lib : memcpy_t2.asm.obj (.text)
                  00002ae0    0000006c     CRC_Processing.obj (.text)
                  00002b4c    00000068     rtsv7M4_T_le_v4SPD16_eabi.lib : copy_decompress_lzss.c.obj (.text:decompress:lzss:__TI_decompress_lzss)
                  00002bb4    00000044                                   : autoinit.c.obj (.text:__TI_auto_init_nobinit_nopinit:__TI_auto_init_nobinit_nopinit)
                  00002bf8    00000034                                   : boot_cortex_m.c.obj (.text:_c_int00_noargs:_c_int00_noargs)
                  00002c2c    0000001c                                   : copy_zero_init.c.obj (.text:decompress:ZI:__TI_zero_init_nomemset:__TI_zero_init_nomemset)
                  00002c48    0000000e                                   : copy_decompress_none.c.obj (.text:decompress:none:__TI_decompress_none)
                  00002c56    0000000c     driverlib.lib : cpu.obj (.text:CPUcpsid)
                  00002c62    0000000c                   : cpu.obj (.text:CPUcpsie)
                  00002c6e    0000000c     tm4c129encpdt_startup_ccs.obj (.text)
                  00002c7a    0000000a     driverlib.lib : cpu.obj (.text:CPUbasepriGet)
                  00002c84    00000006                   : cpu.obj (.text:CPUbasepriSet)
                  00002c8a    00000006     sysctl.obj (.text:SysCtlDelay)
                  00002c90    00000004     driverlib.lib : cpu.obj (.text:CPUwfi)
                  00002c94    00000004     rtsv7M4_T_le_v4SPD16_eabi.lib : pre_init.c.obj (.text:_system_pre_init)
                  00002c98    00000004                                   : exit.c.obj (.text:abort:abort)

.const     0    00002c9c    00000608     
                  00002c9c    000001b0     sysctl.obj (.const:g_pppui32XTALtoVCO)
                  00002e4c    000000d8     gpio.obj (.const:g_ppui32GPIOIntMapSnowflake)
                  00002f24    000000c0     gpio.obj (.const:g_ppui32GPIOIntMapBlizzard)
                  00002fe4    0000009c     interrupt.obj (.const:g_pui32Regs)
                  00003080    00000090     gpio.obj (.const:g_pui32GPIOBaseAddrs)
                  00003110    0000006c     sysctl.obj (.const:g_pui32Xtals)
                  0000317c    00000040     uart.obj (.const:g_ppui32UARTIntMap)
                  000031bc    00000040     uart.obj (.const:g_ppui32UARTIntMapSnowflake)
                  000031fc    00000030     sysctl.obj (.const:g_sXTALtoMEMTIM)
                  0000322c    00000020     interrupt.obj (.const:g_pui32Priority)
                  0000324c    00000014     interrupt.obj (.const:g_pui32Dii16Regs)
                  00003260    00000014     interrupt.obj (.const:g_pui32EnRegs)
                  00003274    00000014     interrupt.obj (.const:g_pui32PendRegs)
                  00003288    00000014     interrupt.obj (.const:g_pui32UnpendRegs)
                  0000329c    00000008     sysctl.obj (.const:g_pui32VCOFrequencies)

.cinit     0    000032a8    00000318     
                  000032a8    000002dd     (.cinit..data.load) [load image, compression = lzss]
                  00003585    00000003     --HOLE-- [fill = 0]
                  00003588    0000000c     (__TI_handler_table)
                  00003594    00000004     --HOLE-- [fill = 0]
                  00003598    00000008     (.cinit..bss.load) [load image, compression = zero_init]
                  000035a0    00000008     (.cinit..vtable.load) [load image, compression = zero_init]
                  000035a8    00000018     (__TI_cinit_table)

.init_array 
*          0    00000000    00000000     UNINITIALIZED

.vtable    0    20000000    0000026c     UNINITIALIZED
                  20000000    0000026c     interrupt.obj (.vtable)

.data      0    2000026c    00000391     UNINITIALIZED
                  2000026c    00000190     MB_Processor.obj (.data:HoldingRegisters)
                  200003fc    00000100     CRC_Processing.obj (.data:auchCRCHi)
                  200004fc    00000100     CRC_Processing.obj (.data:auchCRCLo)
                  200005fc    00000001     MB_Processor.obj (.data)

.bss       0    20000800    00000109     UNINITIALIZED
                  20000800    00000100     (.common:data_in)
                  20000900    00000004     (.common:DataPos)
                  20000904    00000004     (.common:g_ui32SysClock)
                  20000908    00000001     (.common:ResponseFrameSize)

.stack     0    20000600    00000200     UNINITIALIZED
                  20000600    00000004     rtsv7M4_T_le_v4SPD16_eabi.lib : boot_cortex_m.c.obj (.stack)
                  20000604    000001fc     --HOLE--

__llvm_prf_cnts 
*          0    20000000    00000000     UNINITIALIZED

MODULE SUMMARY

       Module                          code    ro data   rw data
       ------                          ----    -------   -------
    .\
       sysctl.obj                      3974    596       0      
       gpio.obj                        2964    552       0      
       interrupt.obj                   960     268       620    
       uart.obj                        1582    128       0      
       MB_Processor.obj                496     0         662    
       CRC_Processing.obj              108     0         512    
       tm4c129encpdt_startup_ccs.obj   12      520       0      
       main.obj                        328     0         4      
    +--+-------------------------------+-------+---------+---------+
       Total:                          10424   2064      1798   
                                                                
    C:/ti/TivaWare_C_Series-2.2.0.295/driverlib/ccs/Debug/driverlib.lib
       cpu.obj                         44      0         0      
    +--+-------------------------------+-------+---------+---------+
       Total:                          44      0         0      
                                                                
    C:\ti\ccs1000\ccs\tools\compiler\ti-cgt-arm_20.2.3.LTS\lib\rtsv7M4_T_le_v4SPD16_eabi.lib
       memcpy_t2.asm.obj               156     0         0      
       copy_decompress_lzss.c.obj      104     0         0      
       autoinit.c.obj                  68      0         0      
       boot_cortex_m.c.obj             52      0         0      
       copy_zero_init.c.obj            28      0         0      
       copy_decompress_none.c.obj      14      0         0      
       exit.c.obj                      4       0         0      
       pre_init.c.obj                  4       0         0      
    +--+-------------------------------+-------+---------+---------+
       Total:                          430     0         0      
                                                                
       Stack:                          0       0         512    
       Linker Generated:               0       785       0      
    +--+-------------------------------+-------+---------+---------+
       Grand Total:                    10898   2849      2310   


LINKER GENERATED COPY TABLES

__TI_cinit_table @ 000035a8 records: 3, size/record: 8, table size: 24
	.data: load addr=000032a8, load size=000002dd bytes, run addr=2000026c, run size=00000391 bytes, compression=lzss
	.bss: load addr=00003598, load size=00000008 bytes, run addr=20000800, run size=00000109 bytes, compression=zero_init
	.vtable: load addr=000035a0, load size=00000008 bytes, run addr=20000000, run size=0000026c bytes, compression=zero_init


LINKER GENERATED HANDLER TABLE

__TI_handler_table @ 00003588 records: 3, size/record: 4, table size: 12
	index: 0, handler: __TI_zero_init
	index: 1, handler: __TI_decompress_lzss
	index: 2, handler: __TI_decompress_none


GLOBAL SYMBOLS: SORTED ALPHABETICALLY BY Name 

address   name                            
-------   ----                            
000027d9  AppendCRCtoMBRegister           
0000271b  AppendDatatoMBRegister          
00002c99  C$$EXIT                         
00002c7b  CPUbasepriGet                   
00002c85  CPUbasepriSet                   
00002c57  CPUcpsid                        
00002c63  CPUcpsie                        
00002c91  CPUwfi                          
00002ae1  CRC16                           
20000900  DataPos                         
00001cf5  GPIOADCTriggerDisable           
00001cd7  GPIOADCTriggerEnable            
00001cb9  GPIODMATriggerDisable           
00001c9b  GPIODMATriggerEnable            
00001243  GPIODirModeGet                  
000011e7  GPIODirModeSet                  
000017ab  GPIOIntClear                    
0000176f  GPIOIntDisable                  
00001755  GPIOIntEnable                   
000017bf  GPIOIntRegister                 
000017f7  GPIOIntRegisterPin              
00001789  GPIOIntStatus                   
00001333  GPIOIntTypeGet                  
0000128f  GPIOIntTypeSet                  
000017dd  GPIOIntUnregister               
00001825  GPIOIntUnregisterPin            
00001603  GPIOPadConfigGet                
000013c9  GPIOPadConfigSet                
00001c3d  GPIOPinConfigure                
00001849  GPIOPinRead                     
00001881  GPIOPinTypeADC                  
000018a5  GPIOPinTypeCAN                  
000018c9  GPIOPinTypeComparator           
000018ed  GPIOPinTypeComparatorOutput     
00001911  GPIOPinTypeDIVSCLK              
00001935  GPIOPinTypeEPI                  
00001959  GPIOPinTypeEthernetLED          
0000197d  GPIOPinTypeEthernetMII          
000019a1  GPIOPinTypeGPIOInput            
000019c5  GPIOPinTypeGPIOOutput           
000019e9  GPIOPinTypeGPIOOutputOD         
00001a0d  GPIOPinTypeHibernateRTCCLK      
00001a31  GPIOPinTypeI2C                  
00001a55  GPIOPinTypeI2CSCL               
00001a79  GPIOPinTypeLCD                  
00001a9d  GPIOPinTypeOneWire              
00001ac1  GPIOPinTypePWM                  
00001ae5  GPIOPinTypeQEI                  
00001b09  GPIOPinTypeSSI                  
00001b2d  GPIOPinTypeTimer                
00001b51  GPIOPinTypeTrace                
00001b75  GPIOPinTypeUART                 
00001b99  GPIOPinTypeUSBAnalog            
00001bbd  GPIOPinTypeUSBDigital           
00001be1  GPIOPinTypeWakeHigh             
00001c07  GPIOPinTypeWakeLow              
00001c2d  GPIOPinWakeStatus               
00001861  GPIOPinWrite                    
0000250d  IntDisable                      
0000249b  IntEnable                       
0000257f  IntIsEnabled                    
0000235f  IntMasterDisable                
0000234f  IntMasterEnable                 
00002675  IntPendClear                    
00002605  IntPendSet                      
00002477  IntPriorityGet                  
000023ef  IntPriorityGroupingGet          
000023d5  IntPriorityGroupingSet          
000026cf  IntPriorityMaskGet              
000026c3  IntPriorityMaskSet              
00002427  IntPrioritySet                  
0000236f  IntRegister                     
000026d7  IntTrigger                      
000023c1  IntUnregister                   
0000281d  MBException                     
00002841  MBProcessRegisters              
0000270d  MBRegisterCount                 
0000279b  MBSendData                      
0000278d  MBStartAddress                  
200005fc  MY_SLAVE_ID                     
00002c6f  ResetISR                        
20000908  ResponseFrameSize               
00001145  SysCtlAltClkConfig              
0000086d  SysCtlClockFreqSet              
00000d35  SysCtlClockGet                  
00001129  SysCtlClockOutConfig            
00000b65  SysCtlClockSet                  
00000771  SysCtlDeepSleep                 
00000ef9  SysCtlDeepSleepClockConfigSet   
00000edb  SysCtlDeepSleepClockSet         
00000751  SysCtlDeepSleepPowerSet         
00002c8b  SysCtlDelay                     
000002ff  SysCtlFlashSectorSizeGet        
000002d3  SysCtlFlashSizeGet              
00000fcf  SysCtlGPIOAHBDisable            
00000fb3  SysCtlGPIOAHBEnable             
000006e5  SysCtlIntClear                  
000006cd  SysCtlIntDisable                
000006b9  SysCtlIntEnable                 
00000691  SysCtlIntRegister               
000006f5  SysCtlIntStatus                 
000006a9  SysCtlIntUnregister             
00000737  SysCtlLDODeepSleepGet           
00000727  SysCtlLDODeepSleepSet           
00000721  SysCtlLDOSleepGet               
00000711  SysCtlLDOSleepSet               
000007a7  SysCtlMOSCConfigSet             
0000110d  SysCtlNMIClear                  
000010f9  SysCtlNMIStatus                 
000007bd  SysCtlPIOSCCalibrate            
00000f9d  SysCtlPWMClockGet               
00000f83  SysCtlPWMClockSet               
0000063d  SysCtlPeripheralClockGating     
000005f5  SysCtlPeripheralDeepSleepDisable
000005a5  SysCtlPeripheralDeepSleepEnable 
000004e1  SysCtlPeripheralDisable         
000004a5  SysCtlPeripheralEnable          
000003e1  SysCtlPeripheralPowerOff        
000003a5  SysCtlPeripheralPowerOn         
00000325  SysCtlPeripheralPresent         
00000365  SysCtlPeripheralReady           
0000041d  SysCtlPeripheralReset           
00000569  SysCtlPeripheralSleepDisable    
00000525  SysCtlPeripheralSleepEnable     
00000761  SysCtlReset                     
0000081d  SysCtlResetBehaviorGet          
0000080d  SysCtlResetBehaviorSet          
00000793  SysCtlResetCauseClear           
0000078d  SysCtlResetCauseGet             
000002c9  SysCtlSRAMSizeGet               
00000769  SysCtlSleep                     
0000073d  SysCtlSleepPowerSet             
00000ff7  SysCtlUSBPLLDisable             
00000feb  SysCtlUSBPLLEnable              
0000103d  SysCtlVCOGet                    
00001025  SysCtlVoltageEventClear         
00001009  SysCtlVoltageEventConfig        
00001019  SysCtlVoltageEventStatus        
000022ed  UART9BitAddrSend                
000022c7  UART9BitAddrSet                 
000022b1  UART9BitDisable                 
0000229b  UART9BitEnable                  
0000213f  UARTBreakCtl                    
00002169  UARTBusy                        
000020e7  UARTCharGet                     
000020cb  UARTCharGetNonBlocking          
00002121  UARTCharPut                     
000020fd  UARTCharPutNonBlocking          
0000208f  UARTCharsAvail                  
0000228b  UARTClockSourceGet              
00002277  UARTClockSourceSet              
00001e5f  UARTConfigGetExpClk             
00001de9  UARTConfigSetExpClk             
0000223d  UARTDMADisable                  
00002225  UARTDMAEnable                   
00001ecf  UARTDisable                     
00001f53  UARTDisableSIR                  
00001eab  UARTEnable                      
00001f25  UARTEnableSIR                   
00001f0f  UARTFIFODisable                 
00001ef9  UARTFIFOEnable                  
00001dc1  UARTFIFOLevelGet                
00001da9  UARTFIFOLevelSet                
0000204f  UARTFlowControlGet              
00002033  UARTFlowControlSet              
00002213  UARTIntClear                    
000021dd  UARTIntDisable                  
000021c5  UARTIntEnable                   
00002961  UARTIntHandler                  
00002187  UARTIntRegister                 
000021f5  UARTIntStatus                   
000021a5  UARTIntUnregister               
00002335  UARTLoopbackEnable              
00001fe9  UARTModemControlClear           
0000200d  UARTModemControlGet             
00001fb1  UARTModemControlSet             
0000201f  UARTModemStatusGet              
00001d97  UARTParityModeGet               
00001d7b  UARTParityModeSet               
00002267  UARTRxErrorClear                
00002255  UARTRxErrorGet                  
000029d9  UARTSend                        
000028fd  UARTSetup                       
00001f9b  UARTSmartCardDisable            
00001f69  UARTSmartCardEnable             
000020ad  UARTSpaceAvail                  
0000207d  UARTTxIntModeGet                
00002061  UARTTxIntModeSet                
20000800  __STACK_END                     
00000200  __STACK_SIZE                    
20000800  __STACK_TOP                     
000035a8  __TI_CINIT_Base                 
000035c0  __TI_CINIT_Limit                
00003588  __TI_Handler_Table_Base         
00003594  __TI_Handler_Table_Limit        
00002bb5  __TI_auto_init_nobinit_nopinit  
00002b4d  __TI_decompress_lzss            
00002c49  __TI_decompress_none            
ffffffff  __TI_pprof_out_hndl             
ffffffff  __TI_prof_data_size             
ffffffff  __TI_prof_data_start            
00000000  __TI_static_base__              
00002c2d  __TI_zero_init_nomemset         
00002a45  __aeabi_memcpy                  
00002a45  __aeabi_memcpy4                 
00002a45  __aeabi_memcpy8                 
ffffffff  __binit__                       
ffffffff  __c_args__                      
UNDEFED   __mpu_init                      
20000600  __stack                         
20000000  __start___llvm_prf_cnts         
20000000  __stop___llvm_prf_cnts          
00002bf9  _c_int00_noargs                 
UNDEFED   _system_post_cinit              
00002c95  _system_pre_init                
00002c99  abort                           
ffffffff  binit                           
20000800  data_in                         
20000000  g_pfnRAMVectors                 
00000000  g_pfnVectors                    
20000904  g_ui32SysClock                  
00002a01  main                            
00002a45  memcpy                          


GLOBAL SYMBOLS: SORTED BY Symbol Address 

address   name                            
-------   ----                            
00000000  __TI_static_base__              
00000000  g_pfnVectors                    
00000200  __STACK_SIZE                    
000002c9  SysCtlSRAMSizeGet               
000002d3  SysCtlFlashSizeGet              
000002ff  SysCtlFlashSectorSizeGet        
00000325  SysCtlPeripheralPresent         
00000365  SysCtlPeripheralReady           
000003a5  SysCtlPeripheralPowerOn         
000003e1  SysCtlPeripheralPowerOff        
0000041d  SysCtlPeripheralReset           
000004a5  SysCtlPeripheralEnable          
000004e1  SysCtlPeripheralDisable         
00000525  SysCtlPeripheralSleepEnable     
00000569  SysCtlPeripheralSleepDisable    
000005a5  SysCtlPeripheralDeepSleepEnable 
000005f5  SysCtlPeripheralDeepSleepDisable
0000063d  SysCtlPeripheralClockGating     
00000691  SysCtlIntRegister               
000006a9  SysCtlIntUnregister             
000006b9  SysCtlIntEnable                 
000006cd  SysCtlIntDisable                
000006e5  SysCtlIntClear                  
000006f5  SysCtlIntStatus                 
00000711  SysCtlLDOSleepSet               
00000721  SysCtlLDOSleepGet               
00000727  SysCtlLDODeepSleepSet           
00000737  SysCtlLDODeepSleepGet           
0000073d  SysCtlSleepPowerSet             
00000751  SysCtlDeepSleepPowerSet         
00000761  SysCtlReset                     
00000769  SysCtlSleep                     
00000771  SysCtlDeepSleep                 
0000078d  SysCtlResetCauseGet             
00000793  SysCtlResetCauseClear           
000007a7  SysCtlMOSCConfigSet             
000007bd  SysCtlPIOSCCalibrate            
0000080d  SysCtlResetBehaviorSet          
0000081d  SysCtlResetBehaviorGet          
0000086d  SysCtlClockFreqSet              
00000b65  SysCtlClockSet                  
00000d35  SysCtlClockGet                  
00000edb  SysCtlDeepSleepClockSet         
00000ef9  SysCtlDeepSleepClockConfigSet   
00000f83  SysCtlPWMClockSet               
00000f9d  SysCtlPWMClockGet               
00000fb3  SysCtlGPIOAHBEnable             
00000fcf  SysCtlGPIOAHBDisable            
00000feb  SysCtlUSBPLLEnable              
00000ff7  SysCtlUSBPLLDisable             
00001009  SysCtlVoltageEventConfig        
00001019  SysCtlVoltageEventStatus        
00001025  SysCtlVoltageEventClear         
0000103d  SysCtlVCOGet                    
000010f9  SysCtlNMIStatus                 
0000110d  SysCtlNMIClear                  
00001129  SysCtlClockOutConfig            
00001145  SysCtlAltClkConfig              
000011e7  GPIODirModeSet                  
00001243  GPIODirModeGet                  
0000128f  GPIOIntTypeSet                  
00001333  GPIOIntTypeGet                  
000013c9  GPIOPadConfigSet                
00001603  GPIOPadConfigGet                
00001755  GPIOIntEnable                   
0000176f  GPIOIntDisable                  
00001789  GPIOIntStatus                   
000017ab  GPIOIntClear                    
000017bf  GPIOIntRegister                 
000017dd  GPIOIntUnregister               
000017f7  GPIOIntRegisterPin              
00001825  GPIOIntUnregisterPin            
00001849  GPIOPinRead                     
00001861  GPIOPinWrite                    
00001881  GPIOPinTypeADC                  
000018a5  GPIOPinTypeCAN                  
000018c9  GPIOPinTypeComparator           
000018ed  GPIOPinTypeComparatorOutput     
00001911  GPIOPinTypeDIVSCLK              
00001935  GPIOPinTypeEPI                  
00001959  GPIOPinTypeEthernetLED          
0000197d  GPIOPinTypeEthernetMII          
000019a1  GPIOPinTypeGPIOInput            
000019c5  GPIOPinTypeGPIOOutput           
000019e9  GPIOPinTypeGPIOOutputOD         
00001a0d  GPIOPinTypeHibernateRTCCLK      
00001a31  GPIOPinTypeI2C                  
00001a55  GPIOPinTypeI2CSCL               
00001a79  GPIOPinTypeLCD                  
00001a9d  GPIOPinTypeOneWire              
00001ac1  GPIOPinTypePWM                  
00001ae5  GPIOPinTypeQEI                  
00001b09  GPIOPinTypeSSI                  
00001b2d  GPIOPinTypeTimer                
00001b51  GPIOPinTypeTrace                
00001b75  GPIOPinTypeUART                 
00001b99  GPIOPinTypeUSBAnalog            
00001bbd  GPIOPinTypeUSBDigital           
00001be1  GPIOPinTypeWakeHigh             
00001c07  GPIOPinTypeWakeLow              
00001c2d  GPIOPinWakeStatus               
00001c3d  GPIOPinConfigure                
00001c9b  GPIODMATriggerEnable            
00001cb9  GPIODMATriggerDisable           
00001cd7  GPIOADCTriggerEnable            
00001cf5  GPIOADCTriggerDisable           
00001d7b  UARTParityModeSet               
00001d97  UARTParityModeGet               
00001da9  UARTFIFOLevelSet                
00001dc1  UARTFIFOLevelGet                
00001de9  UARTConfigSetExpClk             
00001e5f  UARTConfigGetExpClk             
00001eab  UARTEnable                      
00001ecf  UARTDisable                     
00001ef9  UARTFIFOEnable                  
00001f0f  UARTFIFODisable                 
00001f25  UARTEnableSIR                   
00001f53  UARTDisableSIR                  
00001f69  UARTSmartCardEnable             
00001f9b  UARTSmartCardDisable            
00001fb1  UARTModemControlSet             
00001fe9  UARTModemControlClear           
0000200d  UARTModemControlGet             
0000201f  UARTModemStatusGet              
00002033  UARTFlowControlSet              
0000204f  UARTFlowControlGet              
00002061  UARTTxIntModeSet                
0000207d  UARTTxIntModeGet                
0000208f  UARTCharsAvail                  
000020ad  UARTSpaceAvail                  
000020cb  UARTCharGetNonBlocking          
000020e7  UARTCharGet                     
000020fd  UARTCharPutNonBlocking          
00002121  UARTCharPut                     
0000213f  UARTBreakCtl                    
00002169  UARTBusy                        
00002187  UARTIntRegister                 
000021a5  UARTIntUnregister               
000021c5  UARTIntEnable                   
000021dd  UARTIntDisable                  
000021f5  UARTIntStatus                   
00002213  UARTIntClear                    
00002225  UARTDMAEnable                   
0000223d  UARTDMADisable                  
00002255  UARTRxErrorGet                  
00002267  UARTRxErrorClear                
00002277  UARTClockSourceSet              
0000228b  UARTClockSourceGet              
0000229b  UART9BitEnable                  
000022b1  UART9BitDisable                 
000022c7  UART9BitAddrSet                 
000022ed  UART9BitAddrSend                
00002335  UARTLoopbackEnable              
0000234f  IntMasterEnable                 
0000235f  IntMasterDisable                
0000236f  IntRegister                     
000023c1  IntUnregister                   
000023d5  IntPriorityGroupingSet          
000023ef  IntPriorityGroupingGet          
00002427  IntPrioritySet                  
00002477  IntPriorityGet                  
0000249b  IntEnable                       
0000250d  IntDisable                      
0000257f  IntIsEnabled                    
00002605  IntPendSet                      
00002675  IntPendClear                    
000026c3  IntPriorityMaskSet              
000026cf  IntPriorityMaskGet              
000026d7  IntTrigger                      
0000270d  MBRegisterCount                 
0000271b  AppendDatatoMBRegister          
0000278d  MBStartAddress                  
0000279b  MBSendData                      
000027d9  AppendCRCtoMBRegister           
0000281d  MBException                     
00002841  MBProcessRegisters              
000028fd  UARTSetup                       
00002961  UARTIntHandler                  
000029d9  UARTSend                        
00002a01  main                            
00002a45  __aeabi_memcpy                  
00002a45  __aeabi_memcpy4                 
00002a45  __aeabi_memcpy8                 
00002a45  memcpy                          
00002ae1  CRC16                           
00002b4d  __TI_decompress_lzss            
00002bb5  __TI_auto_init_nobinit_nopinit  
00002bf9  _c_int00_noargs                 
00002c2d  __TI_zero_init_nomemset         
00002c49  __TI_decompress_none            
00002c57  CPUcpsid                        
00002c63  CPUcpsie                        
00002c6f  ResetISR                        
00002c7b  CPUbasepriGet                   
00002c85  CPUbasepriSet                   
00002c8b  SysCtlDelay                     
00002c91  CPUwfi                          
00002c95  _system_pre_init                
00002c99  C$$EXIT                         
00002c99  abort                           
00003588  __TI_Handler_Table_Base         
00003594  __TI_Handler_Table_Limit        
000035a8  __TI_CINIT_Base                 
000035c0  __TI_CINIT_Limit                
20000000  __start___llvm_prf_cnts         
20000000  __stop___llvm_prf_cnts          
20000000  g_pfnRAMVectors                 
200005fc  MY_SLAVE_ID                     
20000600  __stack                         
20000800  __STACK_END                     
20000800  __STACK_TOP                     
20000800  data_in                         
20000900  DataPos                         
20000904  g_ui32SysClock                  
20000908  ResponseFrameSize               
ffffffff  __TI_pprof_out_hndl             
ffffffff  __TI_prof_data_size             
ffffffff  __TI_prof_data_start            
ffffffff  __binit__                       
ffffffff  __c_args__                      
ffffffff  binit                           
UNDEFED   __mpu_init                      
UNDEFED   _system_post_cinit              

[223 symbols]
