<?xml version="1.0" encoding="ISO-8859-1" ?>
<link_info>
   <banner>TI ARM Linker PC v20.2.3.LTS</banner>
   <copyright>Copyright (c) 1996-2018 Texas Instruments Incorporated</copyright>
   <link_time>0x6057188c</link_time>
   <link_errors>0x1</link_errors>
   <output_file>Uart_data_transfer.out</output_file>
   <entry_point>
      <name>_c_int00_noargs</name>
      <address>0x2bf9</address>
   </entry_point>
   <input_file_list>
      <input_file id="fl-2">
         <path>.\</path>
         <kind>object</kind>
         <file>CRC_Processing.obj</file>
         <name>CRC_Processing.obj</name>
      </input_file>
      <input_file id="fl-3">
         <path>.\</path>
         <kind>object</kind>
         <file>MB_Processor.obj</file>
         <name>MB_Processor.obj</name>
      </input_file>
      <input_file id="fl-4">
         <path>.\</path>
         <kind>object</kind>
         <file>gpio.obj</file>
         <name>gpio.obj</name>
      </input_file>
      <input_file id="fl-5">
         <path>.\</path>
         <kind>object</kind>
         <file>interrupt.obj</file>
         <name>interrupt.obj</name>
      </input_file>
      <input_file id="fl-6">
         <path>.\</path>
         <kind>object</kind>
         <file>main.obj</file>
         <name>main.obj</name>
      </input_file>
      <input_file id="fl-7">
         <path>.\</path>
         <kind>object</kind>
         <file>sysctl.obj</file>
         <name>sysctl.obj</name>
      </input_file>
      <input_file id="fl-8">
         <path>.\</path>
         <kind>object</kind>
         <file>tm4c129encpdt_startup_ccs.obj</file>
         <name>tm4c129encpdt_startup_ccs.obj</name>
      </input_file>
      <input_file id="fl-9">
         <path>.\</path>
         <kind>object</kind>
         <file>uart.obj</file>
         <name>uart.obj</name>
      </input_file>
      <input_file id="fl-a">
         <path>.\</path>
         <kind>object</kind>
         <file>uartstdio.obj</file>
         <name>uartstdio.obj</name>
      </input_file>
      <input_file id="fl-f">
         <kind>object</kind>
         <file>&lt;internal&gt;</file>
         <name>&lt;internal&gt;</name>
      </input_file>
      <input_file id="fl-10">
         <path>C:\ti\TivaWare_C_Series-2.2.0.295\driverlib\ccs\Debug\</path>
         <kind>archive</kind>
         <file>driverlib.lib</file>
         <name>cpu.obj</name>
      </input_file>
      <input_file id="fl-c6">
         <path>C:\ti\ccs1000\ccs\tools\compiler\ti-cgt-arm_20.2.3.LTS\lib\</path>
         <kind>archive</kind>
         <file>rtsv7M4_T_le_v4SPD16_eabi.lib</file>
         <name>u_divt2.asm.obj</name>
      </input_file>
      <input_file id="fl-c7">
         <path>C:\ti\ccs1000\ccs\tools\compiler\ti-cgt-arm_20.2.3.LTS\lib\</path>
         <kind>archive</kind>
         <file>rtsv7M4_T_le_v4SPD16_eabi.lib</file>
         <name>copy_zero_init.c.obj</name>
      </input_file>
      <input_file id="fl-c8">
         <path>C:\ti\ccs1000\ccs\tools\compiler\ti-cgt-arm_20.2.3.LTS\lib\</path>
         <kind>archive</kind>
         <file>rtsv7M4_T_le_v4SPD16_eabi.lib</file>
         <name>copy_decompress_none.c.obj</name>
      </input_file>
      <input_file id="fl-c9">
         <path>C:\ti\ccs1000\ccs\tools\compiler\ti-cgt-arm_20.2.3.LTS\lib\</path>
         <kind>archive</kind>
         <file>rtsv7M4_T_le_v4SPD16_eabi.lib</file>
         <name>copy_decompress_lzss.c.obj</name>
      </input_file>
      <input_file id="fl-ca">
         <path>C:\ti\ccs1000\ccs\tools\compiler\ti-cgt-arm_20.2.3.LTS\lib\</path>
         <kind>archive</kind>
         <file>rtsv7M4_T_le_v4SPD16_eabi.lib</file>
         <name>boot_cortex_m.c.obj</name>
      </input_file>
      <input_file id="fl-cb">
         <path>C:\ti\ccs1000\ccs\tools\compiler\ti-cgt-arm_20.2.3.LTS\lib\</path>
         <kind>archive</kind>
         <file>rtsv7M4_T_le_v4SPD16_eabi.lib</file>
         <name>div0.asm.obj</name>
      </input_file>
      <input_file id="fl-cc">
         <path>C:\ti\ccs1000\ccs\tools\compiler\ti-cgt-arm_20.2.3.LTS\lib\</path>
         <kind>archive</kind>
         <file>rtsv7M4_T_le_v4SPD16_eabi.lib</file>
         <name>memcpy_t2.asm.obj</name>
      </input_file>
      <input_file id="fl-cd">
         <path>C:\ti\ccs1000\ccs\tools\compiler\ti-cgt-arm_20.2.3.LTS\lib\</path>
         <kind>archive</kind>
         <file>rtsv7M4_T_le_v4SPD16_eabi.lib</file>
         <name>memset_t2.asm.obj</name>
      </input_file>
      <input_file id="fl-ce">
         <path>C:\ti\ccs1000\ccs\tools\compiler\ti-cgt-arm_20.2.3.LTS\lib\</path>
         <kind>archive</kind>
         <file>rtsv7M4_T_le_v4SPD16_eabi.lib</file>
         <name>autoinit.c.obj</name>
      </input_file>
      <input_file id="fl-cf">
         <path>C:\ti\ccs1000\ccs\tools\compiler\ti-cgt-arm_20.2.3.LTS\lib\</path>
         <kind>archive</kind>
         <file>rtsv7M4_T_le_v4SPD16_eabi.lib</file>
         <name>pre_init.c.obj</name>
      </input_file>
      <input_file id="fl-d0">
         <path>C:\ti\ccs1000\ccs\tools\compiler\ti-cgt-arm_20.2.3.LTS\lib\</path>
         <kind>archive</kind>
         <file>rtsv7M4_T_le_v4SPD16_eabi.lib</file>
         <name>cpy_tbl.c.obj</name>
      </input_file>
      <input_file id="fl-d1">
         <path>C:\ti\ccs1000\ccs\tools\compiler\ti-cgt-arm_20.2.3.LTS\lib\</path>
         <kind>archive</kind>
         <file>rtsv7M4_T_le_v4SPD16_eabi.lib</file>
         <name>exit.c.obj</name>
      </input_file>
      <input_file id="fl-d2">
         <path>C:\ti\ccs1000\ccs\tools\compiler\ti-cgt-arm_20.2.3.LTS\lib\</path>
         <kind>archive</kind>
         <file>rtsv7M4_T_le_v4SPD16_eabi.lib</file>
         <name>_lock.c.obj</name>
      </input_file>
      <input_file id="fl-d3">
         <path>C:\ti\ccs1000\ccs\tools\compiler\ti-cgt-arm_20.2.3.LTS\lib\</path>
         <kind>archive</kind>
         <file>rtsv7M4_T_le_v4SPD16_eabi.lib</file>
         <name>args_main.c.obj</name>
      </input_file>
   </input_file_list>
   <object_component_list>
      <object_component id="oc-12">
         <name>.intvecs</name>
         <load_address>0x0</load_address>
         <run_address>0x0</run_address>
         <size>0x208</size>
         <input_file_ref idref="fl-8"/>
      </object_component>
      <object_component id="oc-74">
         <name>.text</name>
         <load_address>0x208</load_address>
         <run_address>0x208</run_address>
         <size>0xf80</size>
         <input_file_ref idref="fl-7"/>
      </object_component>
      <object_component id="oc-7a">
         <name>.text</name>
         <load_address>0x1188</load_address>
         <run_address>0x1188</run_address>
         <size>0xb94</size>
         <input_file_ref idref="fl-4"/>
      </object_component>
      <object_component id="oc-86">
         <name>.text</name>
         <load_address>0x1d1c</load_address>
         <run_address>0x1d1c</run_address>
         <size>0x62e</size>
         <input_file_ref idref="fl-9"/>
      </object_component>
      <object_component id="oc-80">
         <name>.text</name>
         <load_address>0x234c</load_address>
         <run_address>0x234c</run_address>
         <size>0x3c0</size>
         <input_file_ref idref="fl-5"/>
      </object_component>
      <object_component id="oc-8c">
         <name>.text</name>
         <load_address>0x270c</load_address>
         <run_address>0x270c</run_address>
         <size>0x1f0</size>
         <input_file_ref idref="fl-3"/>
      </object_component>
      <object_component id="oc-2d">
         <name>.text</name>
         <load_address>0x28fc</load_address>
         <run_address>0x28fc</run_address>
         <size>0x148</size>
         <input_file_ref idref="fl-6"/>
      </object_component>
      <object_component id="oc-41">
         <name>.text</name>
         <load_address>0x2a44</load_address>
         <run_address>0x2a44</run_address>
         <size>0x9c</size>
         <input_file_ref idref="fl-cc"/>
      </object_component>
      <object_component id="oc-138">
         <name>.text</name>
         <load_address>0x2ae0</load_address>
         <run_address>0x2ae0</run_address>
         <size>0x6c</size>
         <input_file_ref idref="fl-2"/>
      </object_component>
      <object_component id="oc-15">
         <name>.text:decompress:lzss:__TI_decompress_lzss</name>
         <load_address>0x2b4c</load_address>
         <run_address>0x2b4c</run_address>
         <size>0x68</size>
         <input_file_ref idref="fl-c9"/>
      </object_component>
      <object_component id="oc-169">
         <name>.text:__TI_auto_init_nobinit_nopinit:__TI_auto_init_nobinit_nopinit</name>
         <load_address>0x2bb4</load_address>
         <run_address>0x2bb4</run_address>
         <size>0x44</size>
         <input_file_ref idref="fl-ce"/>
      </object_component>
      <object_component id="oc-5f">
         <name>.text:_c_int00_noargs:_c_int00_noargs</name>
         <load_address>0x2bf8</load_address>
         <run_address>0x2bf8</run_address>
         <size>0x34</size>
         <input_file_ref idref="fl-ca"/>
      </object_component>
      <object_component id="oc-4d">
         <name>.text:decompress:ZI:__TI_zero_init_nomemset:__TI_zero_init_nomemset</name>
         <load_address>0x2c2c</load_address>
         <run_address>0x2c2c</run_address>
         <size>0x1c</size>
         <input_file_ref idref="fl-c7"/>
      </object_component>
      <object_component id="oc-1b">
         <name>.text:decompress:none:__TI_decompress_none</name>
         <load_address>0x2c48</load_address>
         <run_address>0x2c48</run_address>
         <size>0xe</size>
         <input_file_ref idref="fl-c8"/>
      </object_component>
      <object_component id="oc-107">
         <name>.text:CPUcpsid</name>
         <load_address>0x2c56</load_address>
         <run_address>0x2c56</run_address>
         <size>0xc</size>
         <input_file_ref idref="fl-10"/>
      </object_component>
      <object_component id="oc-101">
         <name>.text:CPUcpsie</name>
         <load_address>0x2c62</load_address>
         <run_address>0x2c62</run_address>
         <size>0xc</size>
         <input_file_ref idref="fl-10"/>
      </object_component>
      <object_component id="oc-27">
         <name>.text</name>
         <load_address>0x2c6e</load_address>
         <run_address>0x2c6e</run_address>
         <size>0xc</size>
         <input_file_ref idref="fl-8"/>
      </object_component>
      <object_component id="oc-119">
         <name>.text:CPUbasepriGet</name>
         <load_address>0x2c7a</load_address>
         <run_address>0x2c7a</run_address>
         <size>0xa</size>
         <input_file_ref idref="fl-10"/>
      </object_component>
      <object_component id="oc-113">
         <name>.text:CPUbasepriSet</name>
         <load_address>0x2c84</load_address>
         <run_address>0x2c84</run_address>
         <size>0x6</size>
         <input_file_ref idref="fl-10"/>
      </object_component>
      <object_component id="oc-ee">
         <name>.text:SysCtlDelay</name>
         <load_address>0x2c8a</load_address>
         <run_address>0x2c8a</run_address>
         <size>0x6</size>
         <input_file_ref idref="fl-7"/>
      </object_component>
      <object_component id="oc-df">
         <name>.text:CPUwfi</name>
         <load_address>0x2c90</load_address>
         <run_address>0x2c90</run_address>
         <size>0x4</size>
         <input_file_ref idref="fl-10"/>
      </object_component>
      <object_component id="oc-ca">
         <name>.text:_system_pre_init</name>
         <load_address>0x2c94</load_address>
         <run_address>0x2c94</run_address>
         <size>0x4</size>
         <input_file_ref idref="fl-cf"/>
      </object_component>
      <object_component id="oc-15d">
         <name>.text:abort:abort</name>
         <load_address>0x2c98</load_address>
         <run_address>0x2c98</run_address>
         <size>0x4</size>
         <input_file_ref idref="fl-d1"/>
      </object_component>
      <object_component id="oc-eb">
         <name>.const:g_pppui32XTALtoVCO</name>
         <load_address>0x2c9c</load_address>
         <run_address>0x2c9c</run_address>
         <size>0x1b0</size>
         <input_file_ref idref="fl-7"/>
      </object_component>
      <object_component id="oc-f9">
         <name>.const:g_ppui32GPIOIntMapSnowflake</name>
         <load_address>0x2e4c</load_address>
         <run_address>0x2e4c</run_address>
         <size>0xd8</size>
         <input_file_ref idref="fl-4"/>
      </object_component>
      <object_component id="oc-f6">
         <name>.const:g_ppui32GPIOIntMapBlizzard</name>
         <load_address>0x2f24</load_address>
         <run_address>0x2f24</run_address>
         <size>0xc0</size>
         <input_file_ref idref="fl-4"/>
      </object_component>
      <object_component id="oc-11f">
         <name>.const:g_pui32Regs</name>
         <load_address>0x2fe4</load_address>
         <run_address>0x2fe4</run_address>
         <size>0x9c</size>
         <input_file_ref idref="fl-5"/>
      </object_component>
      <object_component id="oc-fc">
         <name>.const:g_pui32GPIOBaseAddrs</name>
         <load_address>0x3080</load_address>
         <run_address>0x3080</run_address>
         <size>0x90</size>
         <input_file_ref idref="fl-4"/>
      </object_component>
      <object_component id="oc-e5">
         <name>.const:g_pui32Xtals</name>
         <load_address>0x3110</load_address>
         <run_address>0x3110</run_address>
         <size>0x6c</size>
         <input_file_ref idref="fl-7"/>
      </object_component>
      <object_component id="oc-130">
         <name>.const:g_ppui32UARTIntMap</name>
         <load_address>0x317c</load_address>
         <run_address>0x317c</run_address>
         <size>0x40</size>
         <input_file_ref idref="fl-9"/>
      </object_component>
      <object_component id="oc-133">
         <name>.const:g_ppui32UARTIntMapSnowflake</name>
         <load_address>0x31bc</load_address>
         <run_address>0x31bc</run_address>
         <size>0x40</size>
         <input_file_ref idref="fl-9"/>
      </object_component>
      <object_component id="oc-dc">
         <name>.const:g_sXTALtoMEMTIM</name>
         <load_address>0x31fc</load_address>
         <run_address>0x31fc</run_address>
         <size>0x30</size>
         <input_file_ref idref="fl-7"/>
      </object_component>
      <object_component id="oc-110">
         <name>.const:g_pui32Priority</name>
         <load_address>0x322c</load_address>
         <run_address>0x322c</run_address>
         <size>0x20</size>
         <input_file_ref idref="fl-5"/>
      </object_component>
      <object_component id="oc-125">
         <name>.const:g_pui32Dii16Regs</name>
         <load_address>0x324c</load_address>
         <run_address>0x324c</run_address>
         <size>0x14</size>
         <input_file_ref idref="fl-5"/>
      </object_component>
      <object_component id="oc-122">
         <name>.const:g_pui32EnRegs</name>
         <load_address>0x3260</load_address>
         <run_address>0x3260</run_address>
         <size>0x14</size>
         <input_file_ref idref="fl-5"/>
      </object_component>
      <object_component id="oc-128">
         <name>.const:g_pui32PendRegs</name>
         <load_address>0x3274</load_address>
         <run_address>0x3274</run_address>
         <size>0x14</size>
         <input_file_ref idref="fl-5"/>
      </object_component>
      <object_component id="oc-12b">
         <name>.const:g_pui32UnpendRegs</name>
         <load_address>0x3288</load_address>
         <run_address>0x3288</run_address>
         <size>0x14</size>
         <input_file_ref idref="fl-5"/>
      </object_component>
      <object_component id="oc-e8">
         <name>.const:g_pui32VCOFrequencies</name>
         <load_address>0x329c</load_address>
         <run_address>0x329c</run_address>
         <size>0x8</size>
         <input_file_ref idref="fl-7"/>
      </object_component>
      <object_component id="oc-26a">
         <name>.cinit..data.load</name>
         <load_address>0x32a8</load_address>
         <run_address>0x32a8</run_address>
         <size>0x2dd</size>
      </object_component>
      <object_component id="oc-267">
         <name>__TI_handler_table</name>
         <load_address>0x3588</load_address>
         <run_address>0x3588</run_address>
         <size>0xc</size>
      </object_component>
      <object_component id="oc-26b">
         <name>.cinit..bss.load</name>
         <load_address>0x3598</load_address>
         <run_address>0x3598</run_address>
         <size>0x8</size>
      </object_component>
      <object_component id="oc-269">
         <name>.cinit..vtable.load</name>
         <load_address>0x35a0</load_address>
         <run_address>0x35a0</run_address>
         <size>0x8</size>
      </object_component>
      <object_component id="oc-268">
         <name>__TI_cinit_table</name>
         <load_address>0x35a8</load_address>
         <run_address>0x35a8</run_address>
         <size>0x18</size>
      </object_component>
      <object_component id="oc-10d">
         <name>.vtable</name>
         <uninitialized>true</uninitialized>
         <run_address>0x20000000</run_address>
         <size>0x26c</size>
         <input_file_ref idref="fl-5"/>
      </object_component>
      <object_component id="oc-1d1">
         <name>.data:auchCRCHi</name>
         <load_address>0x200003fc</load_address>
         <run_address>0x200003fc</run_address>
         <size>0x100</size>
         <input_file_ref idref="fl-2"/>
      </object_component>
      <object_component id="oc-1d4">
         <name>.data:auchCRCLo</name>
         <load_address>0x200004fc</load_address>
         <run_address>0x200004fc</run_address>
         <size>0x100</size>
         <input_file_ref idref="fl-2"/>
      </object_component>
      <object_component id="oc-98">
         <name>.data</name>
         <load_address>0x200005fc</load_address>
         <run_address>0x200005fc</run_address>
         <size>0x1</size>
         <input_file_ref idref="fl-3"/>
      </object_component>
      <object_component id="oc-13e">
         <name>.data:HoldingRegisters</name>
         <load_address>0x2000026c</load_address>
         <run_address>0x2000026c</run_address>
         <size>0x190</size>
         <input_file_ref idref="fl-3"/>
      </object_component>
      <object_component id="oc-9c">
         <name>.common:ResponseFrameSize</name>
         <uninitialized>true</uninitialized>
         <run_address>0x20000908</run_address>
         <size>0x1</size>
      </object_component>
      <object_component id="oc-95">
         <name>.common:data_in</name>
         <uninitialized>true</uninitialized>
         <run_address>0x20000800</run_address>
         <size>0x100</size>
      </object_component>
      <object_component id="oc-9b">
         <name>.common:DataPos</name>
         <uninitialized>true</uninitialized>
         <run_address>0x20000900</run_address>
         <size>0x4</size>
      </object_component>
      <object_component id="oc-92">
         <name>.common:g_ui32SysClock</name>
         <uninitialized>true</uninitialized>
         <run_address>0x20000904</run_address>
         <size>0x4</size>
      </object_component>
      <object_component id="oc-24">
         <name>.stack</name>
         <uninitialized>true</uninitialized>
         <run_address>0x20000600</run_address>
         <size>0x4</size>
         <input_file_ref idref="fl-ca"/>
      </object_component>
      <object_component id="oc-26d">
         <name>.stack</name>
         <uninitialized>true</uninitialized>
         <run_address>0x20000600</run_address>
         <size>0x0</size>
      </object_component>
      <object_component id="oc-1d8">
         <name>.debug_info</name>
         <load_address>0x0</load_address>
         <run_address>0x0</run_address>
         <size>0x27f</size>
         <input_file_ref idref="fl-2"/>
      </object_component>
      <object_component id="oc-1d2">
         <name>.debug_info</name>
         <load_address>0x27f</load_address>
         <run_address>0x27f</run_address>
         <size>0xde</size>
         <input_file_ref idref="fl-2"/>
      </object_component>
      <object_component id="oc-1d5">
         <name>.debug_info</name>
         <load_address>0x35d</load_address>
         <run_address>0x35d</run_address>
         <size>0xde</size>
         <input_file_ref idref="fl-2"/>
      </object_component>
      <object_component id="oc-13c">
         <name>.debug_info</name>
         <load_address>0x43b</load_address>
         <run_address>0x43b</run_address>
         <size>0x1c9</size>
         <input_file_ref idref="fl-2"/>
      </object_component>
      <object_component id="oc-3c">
         <name>.debug_info</name>
         <load_address>0x604</load_address>
         <run_address>0x604</run_address>
         <size>0x84</size>
         <input_file_ref idref="fl-2"/>
      </object_component>
      <object_component id="oc-96">
         <name>.debug_info</name>
         <load_address>0x688</load_address>
         <run_address>0x688</run_address>
         <size>0x3a9</size>
         <input_file_ref idref="fl-3"/>
      </object_component>
      <object_component id="oc-99">
         <name>.debug_info</name>
         <load_address>0xa31</load_address>
         <run_address>0xa31</run_address>
         <size>0xe1</size>
         <input_file_ref idref="fl-3"/>
      </object_component>
      <object_component id="oc-13f">
         <name>.debug_info</name>
         <load_address>0xb12</load_address>
         <run_address>0xb12</run_address>
         <size>0xea</size>
         <input_file_ref idref="fl-3"/>
      </object_component>
      <object_component id="oc-8e">
         <name>.debug_info</name>
         <load_address>0xbfc</load_address>
         <run_address>0xbfc</run_address>
         <size>0x676</size>
         <input_file_ref idref="fl-3"/>
      </object_component>
      <object_component id="oc-aa">
         <name>.debug_info</name>
         <load_address>0x1272</load_address>
         <run_address>0x1272</run_address>
         <size>0x26b</size>
         <input_file_ref idref="fl-3"/>
      </object_component>
      <object_component id="oc-a3">
         <name>.debug_info</name>
         <load_address>0x14dd</load_address>
         <run_address>0x14dd</run_address>
         <size>0x8b</size>
         <input_file_ref idref="fl-3"/>
      </object_component>
      <object_component id="oc-148">
         <name>.debug_info</name>
         <load_address>0x1568</load_address>
         <run_address>0x1568</run_address>
         <size>0x2a4</size>
         <input_file_ref idref="fl-3"/>
      </object_component>
      <object_component id="oc-f0">
         <name>.debug_info</name>
         <load_address>0x180c</load_address>
         <run_address>0x180c</run_address>
         <size>0xef</size>
         <input_file_ref idref="fl-3"/>
      </object_component>
      <object_component id="oc-9e">
         <name>.debug_info</name>
         <load_address>0x18fb</load_address>
         <run_address>0x18fb</run_address>
         <size>0xbb</size>
         <input_file_ref idref="fl-3"/>
      </object_component>
      <object_component id="oc-154">
         <name>.debug_info</name>
         <load_address>0x19b6</load_address>
         <run_address>0x19b6</run_address>
         <size>0x2c</size>
         <input_file_ref idref="fl-3"/>
      </object_component>
      <object_component id="oc-100">
         <name>.debug_info</name>
         <load_address>0x19e2</load_address>
         <run_address>0x19e2</run_address>
         <size>0x37f</size>
         <input_file_ref idref="fl-4"/>
      </object_component>
      <object_component id="oc-f7">
         <name>.debug_info</name>
         <load_address>0x1d61</load_address>
         <run_address>0x1d61</run_address>
         <size>0x11f</size>
         <input_file_ref idref="fl-4"/>
      </object_component>
      <object_component id="oc-fa">
         <name>.debug_info</name>
         <load_address>0x1e80</load_address>
         <run_address>0x1e80</run_address>
         <size>0x121</size>
         <input_file_ref idref="fl-4"/>
      </object_component>
      <object_component id="oc-fd">
         <name>.debug_info</name>
         <load_address>0x1fa1</load_address>
         <run_address>0x1fa1</run_address>
         <size>0x113</size>
         <input_file_ref idref="fl-4"/>
      </object_component>
      <object_component id="oc-7b">
         <name>.debug_info</name>
         <load_address>0x20b4</load_address>
         <run_address>0x20b4</run_address>
         <size>0x3d20</size>
         <input_file_ref idref="fl-4"/>
      </object_component>
      <object_component id="oc-12f">
         <name>.debug_info</name>
         <load_address>0x5dd4</load_address>
         <run_address>0x5dd4</run_address>
         <size>0x35c</size>
         <input_file_ref idref="fl-5"/>
      </object_component>
      <object_component id="oc-111">
         <name>.debug_info</name>
         <load_address>0x6130</load_address>
         <run_address>0x6130</run_address>
         <size>0x10e</size>
         <input_file_ref idref="fl-5"/>
      </object_component>
      <object_component id="oc-120">
         <name>.debug_info</name>
         <load_address>0x623e</load_address>
         <run_address>0x623e</run_address>
         <size>0x106</size>
         <input_file_ref idref="fl-5"/>
      </object_component>
      <object_component id="oc-123">
         <name>.debug_info</name>
         <load_address>0x6344</load_address>
         <run_address>0x6344</run_address>
         <size>0x10a</size>
         <input_file_ref idref="fl-5"/>
      </object_component>
      <object_component id="oc-126">
         <name>.debug_info</name>
         <load_address>0x644e</load_address>
         <run_address>0x644e</run_address>
         <size>0x110</size>
         <input_file_ref idref="fl-5"/>
      </object_component>
      <object_component id="oc-129">
         <name>.debug_info</name>
         <load_address>0x655e</load_address>
         <run_address>0x655e</run_address>
         <size>0x10e</size>
         <input_file_ref idref="fl-5"/>
      </object_component>
      <object_component id="oc-12c">
         <name>.debug_info</name>
         <load_address>0x666c</load_address>
         <run_address>0x666c</run_address>
         <size>0x112</size>
         <input_file_ref idref="fl-5"/>
      </object_component>
      <object_component id="oc-10e">
         <name>.debug_info</name>
         <load_address>0x677e</load_address>
         <run_address>0x677e</run_address>
         <size>0x10f</size>
         <input_file_ref idref="fl-5"/>
      </object_component>
      <object_component id="oc-84">
         <name>.debug_info</name>
         <load_address>0x688d</load_address>
         <run_address>0x688d</run_address>
         <size>0x112d</size>
         <input_file_ref idref="fl-5"/>
      </object_component>
      <object_component id="oc-93">
         <name>.debug_info</name>
         <load_address>0x79ba</load_address>
         <run_address>0x79ba</run_address>
         <size>0x6b0</size>
         <input_file_ref idref="fl-6"/>
      </object_component>
      <object_component id="oc-2e">
         <name>.debug_info</name>
         <load_address>0x806a</load_address>
         <run_address>0x806a</run_address>
         <size>0x44c</size>
         <input_file_ref idref="fl-6"/>
      </object_component>
      <object_component id="oc-f5">
         <name>.debug_info</name>
         <load_address>0x84b6</load_address>
         <run_address>0x84b6</run_address>
         <size>0x3e1</size>
         <input_file_ref idref="fl-7"/>
      </object_component>
      <object_component id="oc-e6">
         <name>.debug_info</name>
         <load_address>0x8897</load_address>
         <run_address>0x8897</run_address>
         <size>0x105</size>
         <input_file_ref idref="fl-7"/>
      </object_component>
      <object_component id="oc-ec">
         <name>.debug_info</name>
         <load_address>0x899c</load_address>
         <run_address>0x899c</run_address>
         <size>0x111</size>
         <input_file_ref idref="fl-7"/>
      </object_component>
      <object_component id="oc-dd">
         <name>.debug_info</name>
         <load_address>0x8aad</load_address>
         <run_address>0x8aad</run_address>
         <size>0x10b</size>
         <input_file_ref idref="fl-7"/>
      </object_component>
      <object_component id="oc-e9">
         <name>.debug_info</name>
         <load_address>0x8bb8</load_address>
         <run_address>0x8bb8</run_address>
         <size>0x118</size>
         <input_file_ref idref="fl-7"/>
      </object_component>
      <object_component id="oc-77">
         <name>.debug_info</name>
         <load_address>0x8cd0</load_address>
         <run_address>0x8cd0</run_address>
         <size>0x3923</size>
         <input_file_ref idref="fl-7"/>
      </object_component>
      <object_component id="oc-1a6">
         <name>.debug_info</name>
         <load_address>0xc5f3</load_address>
         <run_address>0xc5f3</run_address>
         <size>0x51</size>
         <input_file_ref idref="fl-7"/>
      </object_component>
      <object_component id="oc-35">
         <name>.debug_info</name>
         <load_address>0xc644</load_address>
         <run_address>0xc644</run_address>
         <size>0x2d5</size>
         <input_file_ref idref="fl-8"/>
      </object_component>
      <object_component id="oc-13">
         <name>.debug_info</name>
         <load_address>0xc919</load_address>
         <run_address>0xc919</run_address>
         <size>0xf0</size>
         <input_file_ref idref="fl-8"/>
      </object_component>
      <object_component id="oc-29">
         <name>.debug_info</name>
         <load_address>0xca09</load_address>
         <run_address>0xca09</run_address>
         <size>0x26f</size>
         <input_file_ref idref="fl-8"/>
      </object_component>
      <object_component id="oc-137">
         <name>.debug_info</name>
         <load_address>0xcc78</load_address>
         <run_address>0xcc78</run_address>
         <size>0x361</size>
         <input_file_ref idref="fl-9"/>
      </object_component>
      <object_component id="oc-131">
         <name>.debug_info</name>
         <load_address>0xcfd9</load_address>
         <run_address>0xcfd9</run_address>
         <size>0x10f</size>
         <input_file_ref idref="fl-9"/>
      </object_component>
      <object_component id="oc-134">
         <name>.debug_info</name>
         <load_address>0xd0e8</load_address>
         <run_address>0xd0e8</run_address>
         <size>0x121</size>
         <input_file_ref idref="fl-9"/>
      </object_component>
      <object_component id="oc-8a">
         <name>.debug_info</name>
         <load_address>0xd209</load_address>
         <run_address>0xd209</run_address>
         <size>0x32c1</size>
         <input_file_ref idref="fl-9"/>
      </object_component>
      <object_component id="oc-227">
         <name>.debug_info</name>
         <load_address>0x104ca</load_address>
         <run_address>0x104ca</run_address>
         <size>0x2d7</size>
         <input_file_ref idref="fl-10"/>
      </object_component>
      <object_component id="oc-e1">
         <name>.debug_info</name>
         <load_address>0x107a1</load_address>
         <run_address>0x107a1</run_address>
         <size>0x213</size>
         <input_file_ref idref="fl-10"/>
      </object_component>
      <object_component id="oc-103">
         <name>.debug_info</name>
         <load_address>0x109b4</load_address>
         <run_address>0x109b4</run_address>
         <size>0x21b</size>
         <input_file_ref idref="fl-10"/>
      </object_component>
      <object_component id="oc-109">
         <name>.debug_info</name>
         <load_address>0x10bcf</load_address>
         <run_address>0x10bcf</run_address>
         <size>0x218</size>
         <input_file_ref idref="fl-10"/>
      </object_component>
      <object_component id="oc-115">
         <name>.debug_info</name>
         <load_address>0x10de7</load_address>
         <run_address>0x10de7</run_address>
         <size>0x246</size>
         <input_file_ref idref="fl-10"/>
      </object_component>
      <object_component id="oc-11b">
         <name>.debug_info</name>
         <load_address>0x1102d</load_address>
         <run_address>0x1102d</run_address>
         <size>0x225</size>
         <input_file_ref idref="fl-10"/>
      </object_component>
      <object_component id="oc-239">
         <name>.debug_info</name>
         <load_address>0x11252</load_address>
         <run_address>0x11252</run_address>
         <size>0x26b</size>
         <input_file_ref idref="fl-10"/>
      </object_component>
      <object_component id="oc-1fb">
         <name>.debug_info</name>
         <load_address>0x114bd</load_address>
         <run_address>0x114bd</run_address>
         <size>0x297</size>
         <input_file_ref idref="fl-10"/>
      </object_component>
      <object_component id="oc-1b3">
         <name>.debug_info</name>
         <load_address>0x11754</load_address>
         <run_address>0x11754</run_address>
         <size>0xbb</size>
         <input_file_ref idref="fl-10"/>
      </object_component>
      <object_component id="oc-c3">
         <name>.debug_info</name>
         <load_address>0x1180f</load_address>
         <run_address>0x1180f</run_address>
         <size>0x2d4</size>
         <input_file_ref idref="fl-c7"/>
      </object_component>
      <object_component id="oc-4e">
         <name>.debug_info</name>
         <load_address>0x11ae3</load_address>
         <run_address>0x11ae3</run_address>
         <size>0x1d2</size>
         <input_file_ref idref="fl-c7"/>
      </object_component>
      <object_component id="oc-be">
         <name>.debug_info</name>
         <load_address>0x11cb5</load_address>
         <run_address>0x11cb5</run_address>
         <size>0x46</size>
         <input_file_ref idref="fl-c7"/>
      </object_component>
      <object_component id="oc-4c">
         <name>.debug_info</name>
         <load_address>0x11cfb</load_address>
         <run_address>0x11cfb</run_address>
         <size>0x2a8</size>
         <input_file_ref idref="fl-c8"/>
      </object_component>
      <object_component id="oc-1e">
         <name>.debug_info</name>
         <load_address>0x11fa3</load_address>
         <run_address>0x11fa3</run_address>
         <size>0x1ea</size>
         <input_file_ref idref="fl-c8"/>
      </object_component>
      <object_component id="oc-47">
         <name>.debug_info</name>
         <load_address>0x1218d</load_address>
         <run_address>0x1218d</run_address>
         <size>0x46</size>
         <input_file_ref idref="fl-c8"/>
      </object_component>
      <object_component id="oc-b6">
         <name>.debug_info</name>
         <load_address>0x121d3</load_address>
         <run_address>0x121d3</run_address>
         <size>0x2c</size>
         <input_file_ref idref="fl-c8"/>
      </object_component>
      <object_component id="oc-b4">
         <name>.debug_info</name>
         <load_address>0x121ff</load_address>
         <run_address>0x121ff</run_address>
         <size>0x29e</size>
         <input_file_ref idref="fl-c9"/>
      </object_component>
      <object_component id="oc-16">
         <name>.debug_info</name>
         <load_address>0x1249d</load_address>
         <run_address>0x1249d</run_address>
         <size>0x250</size>
         <input_file_ref idref="fl-c9"/>
      </object_component>
      <object_component id="oc-37">
         <name>.debug_info</name>
         <load_address>0x126ed</load_address>
         <run_address>0x126ed</run_address>
         <size>0x60</size>
         <input_file_ref idref="fl-c9"/>
      </object_component>
      <object_component id="oc-14d">
         <name>.debug_info</name>
         <load_address>0x1274d</load_address>
         <run_address>0x1274d</run_address>
         <size>0x46</size>
         <input_file_ref idref="fl-c9"/>
      </object_component>
      <object_component id="oc-af">
         <name>.debug_info</name>
         <load_address>0x12793</load_address>
         <run_address>0x12793</run_address>
         <size>0x39</size>
         <input_file_ref idref="fl-c9"/>
      </object_component>
      <object_component id="oc-25">
         <name>.debug_info</name>
         <load_address>0x127cc</load_address>
         <run_address>0x127cc</run_address>
         <size>0x10b</size>
         <input_file_ref idref="fl-ca"/>
      </object_component>
      <object_component id="oc-63">
         <name>.debug_info</name>
         <load_address>0x128d7</load_address>
         <run_address>0x128d7</run_address>
         <size>0x1a9</size>
         <input_file_ref idref="fl-ca"/>
      </object_component>
      <object_component id="oc-43">
         <name>.debug_info</name>
         <load_address>0x12a80</load_address>
         <run_address>0x12a80</run_address>
         <size>0x119</size>
         <input_file_ref idref="fl-cc"/>
      </object_component>
      <object_component id="oc-1e6">
         <name>.debug_info</name>
         <load_address>0x12b99</load_address>
         <run_address>0x12b99</run_address>
         <size>0x4b3</size>
         <input_file_ref idref="fl-ce"/>
      </object_component>
      <object_component id="oc-16d">
         <name>.debug_info</name>
         <load_address>0x1304c</load_address>
         <run_address>0x1304c</run_address>
         <size>0x1a6</size>
         <input_file_ref idref="fl-ce"/>
      </object_component>
      <object_component id="oc-216">
         <name>.debug_info</name>
         <load_address>0x131f2</load_address>
         <run_address>0x131f2</run_address>
         <size>0x39</size>
         <input_file_ref idref="fl-ce"/>
      </object_component>
      <object_component id="oc-22b">
         <name>.debug_info</name>
         <load_address>0x1322b</load_address>
         <run_address>0x1322b</run_address>
         <size>0x39</size>
         <input_file_ref idref="fl-ce"/>
      </object_component>
      <object_component id="oc-21b">
         <name>.debug_info</name>
         <load_address>0x13264</load_address>
         <run_address>0x13264</run_address>
         <size>0x39</size>
         <input_file_ref idref="fl-ce"/>
      </object_component>
      <object_component id="oc-220">
         <name>.debug_info</name>
         <load_address>0x1329d</load_address>
         <run_address>0x1329d</run_address>
         <size>0xcd</size>
         <input_file_ref idref="fl-ce"/>
      </object_component>
      <object_component id="oc-cd">
         <name>.debug_info</name>
         <load_address>0x1336a</load_address>
         <run_address>0x1336a</run_address>
         <size>0x153</size>
         <input_file_ref idref="fl-cf"/>
      </object_component>
      <object_component id="oc-160">
         <name>.debug_info</name>
         <load_address>0x134bd</load_address>
         <run_address>0x134bd</run_address>
         <size>0x122</size>
         <input_file_ref idref="fl-d1"/>
      </object_component>
      <object_component id="oc-26e">
         <name>.debug_info</name>
         <load_address>0x135df</load_address>
         <run_address>0x135df</run_address>
         <size>0xa2</size>
      </object_component>
      <object_component id="oc-205">
         <name>.debug_line</name>
         <load_address>0x0</load_address>
         <run_address>0x0</run_address>
         <size>0x20</size>
         <input_file_ref idref="fl-2"/>
      </object_component>
      <object_component id="oc-201">
         <name>.debug_line</name>
         <load_address>0x20</load_address>
         <run_address>0x20</run_address>
         <size>0x37</size>
         <input_file_ref idref="fl-2"/>
      </object_component>
      <object_component id="oc-203">
         <name>.debug_line</name>
         <load_address>0x57</load_address>
         <run_address>0x57</run_address>
         <size>0x37</size>
         <input_file_ref idref="fl-2"/>
      </object_component>
      <object_component id="oc-13a">
         <name>.debug_line</name>
         <load_address>0x8e</load_address>
         <run_address>0x8e</run_address>
         <size>0x5b</size>
         <input_file_ref idref="fl-2"/>
      </object_component>
      <object_component id="oc-3f">
         <name>.debug_line</name>
         <load_address>0xe9</load_address>
         <run_address>0xe9</run_address>
         <size>0x20</size>
         <input_file_ref idref="fl-2"/>
      </object_component>
      <object_component id="oc-145">
         <name>.debug_line</name>
         <load_address>0x109</load_address>
         <run_address>0x109</run_address>
         <size>0x63</size>
         <input_file_ref idref="fl-3"/>
      </object_component>
      <object_component id="oc-147">
         <name>.debug_line</name>
         <load_address>0x16c</load_address>
         <run_address>0x16c</run_address>
         <size>0x2d</size>
         <input_file_ref idref="fl-3"/>
      </object_component>
      <object_component id="oc-1da">
         <name>.debug_line</name>
         <load_address>0x199</load_address>
         <run_address>0x199</run_address>
         <size>0x2d</size>
         <input_file_ref idref="fl-3"/>
      </object_component>
      <object_component id="oc-90">
         <name>.debug_line</name>
         <load_address>0x1c6</load_address>
         <run_address>0x1c6</run_address>
         <size>0x121</size>
         <input_file_ref idref="fl-3"/>
      </object_component>
      <object_component id="oc-ad">
         <name>.debug_line</name>
         <load_address>0x2e7</load_address>
         <run_address>0x2e7</run_address>
         <size>0x6f</size>
         <input_file_ref idref="fl-3"/>
      </object_component>
      <object_component id="oc-a6">
         <name>.debug_line</name>
         <load_address>0x356</load_address>
         <run_address>0x356</run_address>
         <size>0x20</size>
         <input_file_ref idref="fl-3"/>
      </object_component>
      <object_component id="oc-14b">
         <name>.debug_line</name>
         <load_address>0x376</load_address>
         <run_address>0x376</run_address>
         <size>0x73</size>
         <input_file_ref idref="fl-3"/>
      </object_component>
      <object_component id="oc-f3">
         <name>.debug_line</name>
         <load_address>0x3e9</load_address>
         <run_address>0x3e9</run_address>
         <size>0x6f</size>
         <input_file_ref idref="fl-3"/>
      </object_component>
      <object_component id="oc-a1">
         <name>.debug_line</name>
         <load_address>0x458</load_address>
         <run_address>0x458</run_address>
         <size>0x70</size>
         <input_file_ref idref="fl-3"/>
      </object_component>
      <object_component id="oc-157">
         <name>.debug_line</name>
         <load_address>0x4c8</load_address>
         <run_address>0x4c8</run_address>
         <size>0x6b</size>
         <input_file_ref idref="fl-3"/>
      </object_component>
      <object_component id="oc-1b1">
         <name>.debug_line</name>
         <load_address>0x533</load_address>
         <run_address>0x533</run_address>
         <size>0x5b</size>
         <input_file_ref idref="fl-4"/>
      </object_component>
      <object_component id="oc-1ab">
         <name>.debug_line</name>
         <load_address>0x58e</load_address>
         <run_address>0x58e</run_address>
         <size>0x56</size>
         <input_file_ref idref="fl-4"/>
      </object_component>
      <object_component id="oc-1ad">
         <name>.debug_line</name>
         <load_address>0x5e4</load_address>
         <run_address>0x5e4</run_address>
         <size>0x56</size>
         <input_file_ref idref="fl-4"/>
      </object_component>
      <object_component id="oc-1af">
         <name>.debug_line</name>
         <load_address>0x63a</load_address>
         <run_address>0x63a</run_address>
         <size>0x56</size>
         <input_file_ref idref="fl-4"/>
      </object_component>
      <object_component id="oc-7e">
         <name>.debug_line</name>
         <load_address>0x690</load_address>
         <run_address>0x690</run_address>
         <size>0x64c</size>
         <input_file_ref idref="fl-4"/>
      </object_component>
      <object_component id="oc-1ca">
         <name>.debug_line</name>
         <load_address>0xcdc</load_address>
         <run_address>0xcdc</run_address>
         <size>0x55</size>
         <input_file_ref idref="fl-5"/>
      </object_component>
      <object_component id="oc-1bc">
         <name>.debug_line</name>
         <load_address>0xd31</load_address>
         <run_address>0xd31</run_address>
         <size>0x5b</size>
         <input_file_ref idref="fl-5"/>
      </object_component>
      <object_component id="oc-1c0">
         <name>.debug_line</name>
         <load_address>0xd8c</load_address>
         <run_address>0xd8c</run_address>
         <size>0x5b</size>
         <input_file_ref idref="fl-5"/>
      </object_component>
      <object_component id="oc-1c2">
         <name>.debug_line</name>
         <load_address>0xde7</load_address>
         <run_address>0xde7</run_address>
         <size>0x5b</size>
         <input_file_ref idref="fl-5"/>
      </object_component>
      <object_component id="oc-1c4">
         <name>.debug_line</name>
         <load_address>0xe42</load_address>
         <run_address>0xe42</run_address>
         <size>0x5b</size>
         <input_file_ref idref="fl-5"/>
      </object_component>
      <object_component id="oc-1c6">
         <name>.debug_line</name>
         <load_address>0xe9d</load_address>
         <run_address>0xe9d</run_address>
         <size>0x5b</size>
         <input_file_ref idref="fl-5"/>
      </object_component>
      <object_component id="oc-1c8">
         <name>.debug_line</name>
         <load_address>0xef8</load_address>
         <run_address>0xef8</run_address>
         <size>0x5b</size>
         <input_file_ref idref="fl-5"/>
      </object_component>
      <object_component id="oc-1ba">
         <name>.debug_line</name>
         <load_address>0xf53</load_address>
         <run_address>0xf53</run_address>
         <size>0x5b</size>
         <input_file_ref idref="fl-5"/>
      </object_component>
      <object_component id="oc-82">
         <name>.debug_line</name>
         <load_address>0xfae</load_address>
         <run_address>0xfae</run_address>
         <size>0x2d9</size>
         <input_file_ref idref="fl-5"/>
      </object_component>
      <object_component id="oc-143">
         <name>.debug_line</name>
         <load_address>0x1287</load_address>
         <run_address>0x1287</run_address>
         <size>0x119</size>
         <input_file_ref idref="fl-6"/>
      </object_component>
      <object_component id="oc-32">
         <name>.debug_line</name>
         <load_address>0x13a0</load_address>
         <run_address>0x13a0</run_address>
         <size>0xde</size>
         <input_file_ref idref="fl-6"/>
      </object_component>
      <object_component id="oc-1a5">
         <name>.debug_line</name>
         <load_address>0x147e</load_address>
         <run_address>0x147e</run_address>
         <size>0xc8</size>
         <input_file_ref idref="fl-7"/>
      </object_component>
      <object_component id="oc-19f">
         <name>.debug_line</name>
         <load_address>0x1546</load_address>
         <run_address>0x1546</run_address>
         <size>0x58</size>
         <input_file_ref idref="fl-7"/>
      </object_component>
      <object_component id="oc-1a3">
         <name>.debug_line</name>
         <load_address>0x159e</load_address>
         <run_address>0x159e</run_address>
         <size>0x58</size>
         <input_file_ref idref="fl-7"/>
      </object_component>
      <object_component id="oc-19c">
         <name>.debug_line</name>
         <load_address>0x15f6</load_address>
         <run_address>0x15f6</run_address>
         <size>0x58</size>
         <input_file_ref idref="fl-7"/>
      </object_component>
      <object_component id="oc-1a1">
         <name>.debug_line</name>
         <load_address>0x164e</load_address>
         <run_address>0x164e</run_address>
         <size>0x58</size>
         <input_file_ref idref="fl-7"/>
      </object_component>
      <object_component id="oc-75">
         <name>.debug_line</name>
         <load_address>0x16a6</load_address>
         <run_address>0x16a6</run_address>
         <size>0x996</size>
         <input_file_ref idref="fl-7"/>
      </object_component>
      <object_component id="oc-1a8">
         <name>.debug_line</name>
         <load_address>0x203c</load_address>
         <run_address>0x203c</run_address>
         <size>0x58</size>
         <input_file_ref idref="fl-7"/>
      </object_component>
      <object_component id="oc-a9">
         <name>.debug_line</name>
         <load_address>0x2094</load_address>
         <run_address>0x2094</run_address>
         <size>0x42</size>
         <input_file_ref idref="fl-8"/>
      </object_component>
      <object_component id="oc-34">
         <name>.debug_line</name>
         <load_address>0x20d6</load_address>
         <run_address>0x20d6</run_address>
         <size>0x42</size>
         <input_file_ref idref="fl-8"/>
      </object_component>
      <object_component id="oc-28">
         <name>.debug_line</name>
         <load_address>0x2118</load_address>
         <run_address>0x2118</run_address>
         <size>0xa2</size>
         <input_file_ref idref="fl-8"/>
      </object_component>
      <object_component id="oc-1d0">
         <name>.debug_line</name>
         <load_address>0x21ba</load_address>
         <run_address>0x21ba</run_address>
         <size>0x5b</size>
         <input_file_ref idref="fl-9"/>
      </object_component>
      <object_component id="oc-1cc">
         <name>.debug_line</name>
         <load_address>0x2215</load_address>
         <run_address>0x2215</run_address>
         <size>0x56</size>
         <input_file_ref idref="fl-9"/>
      </object_component>
      <object_component id="oc-1ce">
         <name>.debug_line</name>
         <load_address>0x226b</load_address>
         <run_address>0x226b</run_address>
         <size>0x56</size>
         <input_file_ref idref="fl-9"/>
      </object_component>
      <object_component id="oc-88">
         <name>.debug_line</name>
         <load_address>0x22c1</load_address>
         <run_address>0x22c1</run_address>
         <size>0x5cb</size>
         <input_file_ref idref="fl-9"/>
      </object_component>
      <object_component id="oc-238">
         <name>.debug_line</name>
         <load_address>0x288c</load_address>
         <run_address>0x288c</run_address>
         <size>0x20</size>
         <input_file_ref idref="fl-10"/>
      </object_component>
      <object_component id="oc-e3">
         <name>.debug_line</name>
         <load_address>0x28ac</load_address>
         <run_address>0x28ac</run_address>
         <size>0x8e</size>
         <input_file_ref idref="fl-10"/>
      </object_component>
      <object_component id="oc-105">
         <name>.debug_line</name>
         <load_address>0x293a</load_address>
         <run_address>0x293a</run_address>
         <size>0x91</size>
         <input_file_ref idref="fl-10"/>
      </object_component>
      <object_component id="oc-10b">
         <name>.debug_line</name>
         <load_address>0x29cb</load_address>
         <run_address>0x29cb</run_address>
         <size>0x91</size>
         <input_file_ref idref="fl-10"/>
      </object_component>
      <object_component id="oc-118">
         <name>.debug_line</name>
         <load_address>0x2a5c</load_address>
         <run_address>0x2a5c</run_address>
         <size>0x8e</size>
         <input_file_ref idref="fl-10"/>
      </object_component>
      <object_component id="oc-11e">
         <name>.debug_line</name>
         <load_address>0x2aea</load_address>
         <run_address>0x2aea</run_address>
         <size>0x91</size>
         <input_file_ref idref="fl-10"/>
      </object_component>
      <object_component id="oc-23c">
         <name>.debug_line</name>
         <load_address>0x2b7b</load_address>
         <run_address>0x2b7b</run_address>
         <size>0x71</size>
         <input_file_ref idref="fl-10"/>
      </object_component>
      <object_component id="oc-1fe">
         <name>.debug_line</name>
         <load_address>0x2bec</load_address>
         <run_address>0x2bec</run_address>
         <size>0x75</size>
         <input_file_ref idref="fl-10"/>
      </object_component>
      <object_component id="oc-1b6">
         <name>.debug_line</name>
         <load_address>0x2c61</load_address>
         <run_address>0x2c61</run_address>
         <size>0x72</size>
         <input_file_ref idref="fl-10"/>
      </object_component>
      <object_component id="oc-15a">
         <name>.debug_line</name>
         <load_address>0x2cd3</load_address>
         <run_address>0x2cd3</run_address>
         <size>0x92</size>
         <input_file_ref idref="fl-c7"/>
      </object_component>
      <object_component id="oc-51">
         <name>.debug_line</name>
         <load_address>0x2d65</load_address>
         <run_address>0x2d65</run_address>
         <size>0x56</size>
         <input_file_ref idref="fl-c7"/>
      </object_component>
      <object_component id="oc-c1">
         <name>.debug_line</name>
         <load_address>0x2dbb</load_address>
         <run_address>0x2dbb</run_address>
         <size>0x34</size>
         <input_file_ref idref="fl-c7"/>
      </object_component>
      <object_component id="oc-bc">
         <name>.debug_line</name>
         <load_address>0x2def</load_address>
         <run_address>0x2def</run_address>
         <size>0x20</size>
         <input_file_ref idref="fl-c8"/>
      </object_component>
      <object_component id="oc-20">
         <name>.debug_line</name>
         <load_address>0x2e0f</load_address>
         <run_address>0x2e0f</run_address>
         <size>0x55</size>
         <input_file_ref idref="fl-c8"/>
      </object_component>
      <object_component id="oc-4a">
         <name>.debug_line</name>
         <load_address>0x2e64</load_address>
         <run_address>0x2e64</run_address>
         <size>0x3a</size>
         <input_file_ref idref="fl-c8"/>
      </object_component>
      <object_component id="oc-b9">
         <name>.debug_line</name>
         <load_address>0x2e9e</load_address>
         <run_address>0x2e9e</run_address>
         <size>0x92</size>
         <input_file_ref idref="fl-c8"/>
      </object_component>
      <object_component id="oc-153">
         <name>.debug_line</name>
         <load_address>0x2f30</load_address>
         <run_address>0x2f30</run_address>
         <size>0x20</size>
         <input_file_ref idref="fl-c9"/>
      </object_component>
      <object_component id="oc-1a">
         <name>.debug_line</name>
         <load_address>0x2f50</load_address>
         <run_address>0x2f50</run_address>
         <size>0xa9</size>
         <input_file_ref idref="fl-c9"/>
      </object_component>
      <object_component id="oc-3a">
         <name>.debug_line</name>
         <load_address>0x2ff9</load_address>
         <run_address>0x2ff9</run_address>
         <size>0x3a</size>
         <input_file_ref idref="fl-c9"/>
      </object_component>
      <object_component id="oc-150">
         <name>.debug_line</name>
         <load_address>0x3033</load_address>
         <run_address>0x3033</run_address>
         <size>0x9a</size>
         <input_file_ref idref="fl-c9"/>
      </object_component>
      <object_component id="oc-b2">
         <name>.debug_line</name>
         <load_address>0x30cd</load_address>
         <run_address>0x30cd</run_address>
         <size>0x96</size>
         <input_file_ref idref="fl-c9"/>
      </object_component>
      <object_component id="oc-72">
         <name>.debug_line</name>
         <load_address>0x3163</load_address>
         <run_address>0x3163</run_address>
         <size>0x33</size>
         <input_file_ref idref="fl-ca"/>
      </object_component>
      <object_component id="oc-62">
         <name>.debug_line</name>
         <load_address>0x3196</load_address>
         <run_address>0x3196</run_address>
         <size>0x45</size>
         <input_file_ref idref="fl-ca"/>
      </object_component>
      <object_component id="oc-45">
         <name>.debug_line</name>
         <load_address>0x31db</load_address>
         <run_address>0x31db</run_address>
         <size>0x88</size>
         <input_file_ref idref="fl-cc"/>
      </object_component>
      <object_component id="oc-215">
         <name>.debug_line</name>
         <load_address>0x3263</load_address>
         <run_address>0x3263</run_address>
         <size>0xbf</size>
         <input_file_ref idref="fl-ce"/>
      </object_component>
      <object_component id="oc-16c">
         <name>.debug_line</name>
         <load_address>0x3322</load_address>
         <run_address>0x3322</run_address>
         <size>0x6f</size>
         <input_file_ref idref="fl-ce"/>
      </object_component>
      <object_component id="oc-219">
         <name>.debug_line</name>
         <load_address>0x3391</load_address>
         <run_address>0x3391</run_address>
         <size>0x2e</size>
         <input_file_ref idref="fl-ce"/>
      </object_component>
      <object_component id="oc-22e">
         <name>.debug_line</name>
         <load_address>0x33bf</load_address>
         <run_address>0x33bf</run_address>
         <size>0x9a</size>
         <input_file_ref idref="fl-ce"/>
      </object_component>
      <object_component id="oc-21e">
         <name>.debug_line</name>
         <load_address>0x3459</load_address>
         <run_address>0x3459</run_address>
         <size>0x97</size>
         <input_file_ref idref="fl-ce"/>
      </object_component>
      <object_component id="oc-223">
         <name>.debug_line</name>
         <load_address>0x34f0</load_address>
         <run_address>0x34f0</run_address>
         <size>0x93</size>
         <input_file_ref idref="fl-ce"/>
      </object_component>
      <object_component id="oc-cc">
         <name>.debug_line</name>
         <load_address>0x3583</load_address>
         <run_address>0x3583</run_address>
         <size>0x40</size>
         <input_file_ref idref="fl-cf"/>
      </object_component>
      <object_component id="oc-15e">
         <name>.debug_line</name>
         <load_address>0x35c3</load_address>
         <run_address>0x35c3</run_address>
         <size>0x3c</size>
         <input_file_ref idref="fl-d1"/>
      </object_component>
      <object_component id="oc-13b">
         <name>.debug_frame</name>
         <load_address>0x0</load_address>
         <run_address>0x0</run_address>
         <size>0x58</size>
         <input_file_ref idref="fl-2"/>
      </object_component>
      <object_component id="oc-91">
         <name>.debug_frame</name>
         <load_address>0x58</load_address>
         <run_address>0x58</run_address>
         <size>0xe8</size>
         <input_file_ref idref="fl-3"/>
      </object_component>
      <object_component id="oc-7f">
         <name>.debug_frame</name>
         <load_address>0x140</load_address>
         <run_address>0x140</run_address>
         <size>0x564</size>
         <input_file_ref idref="fl-4"/>
      </object_component>
      <object_component id="oc-83">
         <name>.debug_frame</name>
         <load_address>0x6a4</load_address>
         <run_address>0x6a4</run_address>
         <size>0x1d4</size>
         <input_file_ref idref="fl-5"/>
      </object_component>
      <object_component id="oc-31">
         <name>.debug_frame</name>
         <load_address>0x878</load_address>
         <run_address>0x878</run_address>
         <size>0xa8</size>
         <input_file_ref idref="fl-6"/>
      </object_component>
      <object_component id="oc-76">
         <name>.debug_frame</name>
         <load_address>0x920</load_address>
         <run_address>0x920</run_address>
         <size>0x5a8</size>
         <input_file_ref idref="fl-7"/>
      </object_component>
      <object_component id="oc-2c">
         <name>.debug_frame</name>
         <load_address>0xec8</load_address>
         <run_address>0xec8</run_address>
         <size>0x90</size>
         <input_file_ref idref="fl-8"/>
      </object_component>
      <object_component id="oc-87">
         <name>.debug_frame</name>
         <load_address>0xf58</load_address>
         <run_address>0xf58</run_address>
         <size>0x4cc</size>
         <input_file_ref idref="fl-9"/>
      </object_component>
      <object_component id="oc-e4">
         <name>.debug_frame</name>
         <load_address>0x1424</load_address>
         <run_address>0x1424</run_address>
         <size>0x54</size>
         <input_file_ref idref="fl-10"/>
      </object_component>
      <object_component id="oc-106">
         <name>.debug_frame</name>
         <load_address>0x1478</load_address>
         <run_address>0x1478</run_address>
         <size>0x54</size>
         <input_file_ref idref="fl-10"/>
      </object_component>
      <object_component id="oc-10c">
         <name>.debug_frame</name>
         <load_address>0x14cc</load_address>
         <run_address>0x14cc</run_address>
         <size>0x54</size>
         <input_file_ref idref="fl-10"/>
      </object_component>
      <object_component id="oc-117">
         <name>.debug_frame</name>
         <load_address>0x1520</load_address>
         <run_address>0x1520</run_address>
         <size>0x54</size>
         <input_file_ref idref="fl-10"/>
      </object_component>
      <object_component id="oc-11d">
         <name>.debug_frame</name>
         <load_address>0x1574</load_address>
         <run_address>0x1574</run_address>
         <size>0x54</size>
         <input_file_ref idref="fl-10"/>
      </object_component>
      <object_component id="oc-52">
         <name>.debug_frame</name>
         <load_address>0x15c8</load_address>
         <run_address>0x15c8</run_address>
         <size>0x54</size>
         <input_file_ref idref="fl-c7"/>
      </object_component>
      <object_component id="oc-1c">
         <name>.debug_frame</name>
         <load_address>0x161c</load_address>
         <run_address>0x161c</run_address>
         <size>0x54</size>
         <input_file_ref idref="fl-c8"/>
      </object_component>
      <object_component id="oc-19">
         <name>.debug_frame</name>
         <load_address>0x1670</load_address>
         <run_address>0x1670</run_address>
         <size>0x60</size>
         <input_file_ref idref="fl-c9"/>
      </object_component>
      <object_component id="oc-61">
         <name>.debug_frame</name>
         <load_address>0x16d0</load_address>
         <run_address>0x16d0</run_address>
         <size>0x50</size>
         <input_file_ref idref="fl-ca"/>
      </object_component>
      <object_component id="oc-16b">
         <name>.debug_frame</name>
         <load_address>0x1720</load_address>
         <run_address>0x1720</run_address>
         <size>0x5c</size>
         <input_file_ref idref="fl-ce"/>
      </object_component>
      <object_component id="oc-cb">
         <name>.debug_frame</name>
         <load_address>0x177c</load_address>
         <run_address>0x177c</run_address>
         <size>0x54</size>
         <input_file_ref idref="fl-cf"/>
      </object_component>
      <object_component id="oc-15f">
         <name>.debug_frame</name>
         <load_address>0x17d0</load_address>
         <run_address>0x17d0</run_address>
         <size>0x54</size>
         <input_file_ref idref="fl-d1"/>
      </object_component>
      <object_component id="oc-204">
         <name>.debug_abbrev</name>
         <load_address>0x0</load_address>
         <run_address>0x0</run_address>
         <size>0x42</size>
         <input_file_ref idref="fl-2"/>
      </object_component>
      <object_component id="oc-200">
         <name>.debug_abbrev</name>
         <load_address>0x42</load_address>
         <run_address>0x42</run_address>
         <size>0x27</size>
         <input_file_ref idref="fl-2"/>
      </object_component>
      <object_component id="oc-202">
         <name>.debug_abbrev</name>
         <load_address>0x69</load_address>
         <run_address>0x69</run_address>
         <size>0x27</size>
         <input_file_ref idref="fl-2"/>
      </object_component>
      <object_component id="oc-1d7">
         <name>.debug_abbrev</name>
         <load_address>0x90</load_address>
         <run_address>0x90</run_address>
         <size>0x6e</size>
         <input_file_ref idref="fl-2"/>
      </object_component>
      <object_component id="oc-3e">
         <name>.debug_abbrev</name>
         <load_address>0xfe</load_address>
         <run_address>0xfe</run_address>
         <size>0x1f</size>
         <input_file_ref idref="fl-2"/>
      </object_component>
      <object_component id="oc-144">
         <name>.debug_abbrev</name>
         <load_address>0x11d</load_address>
         <run_address>0x11d</run_address>
         <size>0x94</size>
         <input_file_ref idref="fl-3"/>
      </object_component>
      <object_component id="oc-146">
         <name>.debug_abbrev</name>
         <load_address>0x1b1</load_address>
         <run_address>0x1b1</run_address>
         <size>0x29</size>
         <input_file_ref idref="fl-3"/>
      </object_component>
      <object_component id="oc-1d9">
         <name>.debug_abbrev</name>
         <load_address>0x1da</load_address>
         <run_address>0x1da</run_address>
         <size>0x27</size>
         <input_file_ref idref="fl-3"/>
      </object_component>
      <object_component id="oc-141">
         <name>.debug_abbrev</name>
         <load_address>0x201</load_address>
         <run_address>0x201</run_address>
         <size>0xb4</size>
         <input_file_ref idref="fl-3"/>
      </object_component>
      <object_component id="oc-ac">
         <name>.debug_abbrev</name>
         <load_address>0x2b5</load_address>
         <run_address>0x2b5</run_address>
         <size>0x69</size>
         <input_file_ref idref="fl-3"/>
      </object_component>
      <object_component id="oc-a5">
         <name>.debug_abbrev</name>
         <load_address>0x31e</load_address>
         <run_address>0x31e</run_address>
         <size>0x1f</size>
         <input_file_ref idref="fl-3"/>
      </object_component>
      <object_component id="oc-14a">
         <name>.debug_abbrev</name>
         <load_address>0x33d</load_address>
         <run_address>0x33d</run_address>
         <size>0x5c</size>
         <input_file_ref idref="fl-3"/>
      </object_component>
      <object_component id="oc-f2">
         <name>.debug_abbrev</name>
         <load_address>0x399</load_address>
         <run_address>0x399</run_address>
         <size>0x24</size>
         <input_file_ref idref="fl-3"/>
      </object_component>
      <object_component id="oc-a0">
         <name>.debug_abbrev</name>
         <load_address>0x3bd</load_address>
         <run_address>0x3bd</run_address>
         <size>0x24</size>
         <input_file_ref idref="fl-3"/>
      </object_component>
      <object_component id="oc-156">
         <name>.debug_abbrev</name>
         <load_address>0x3e1</load_address>
         <run_address>0x3e1</run_address>
         <size>0x24</size>
         <input_file_ref idref="fl-3"/>
      </object_component>
      <object_component id="oc-1b0">
         <name>.debug_abbrev</name>
         <load_address>0x405</load_address>
         <run_address>0x405</run_address>
         <size>0x76</size>
         <input_file_ref idref="fl-4"/>
      </object_component>
      <object_component id="oc-1aa">
         <name>.debug_abbrev</name>
         <load_address>0x47b</load_address>
         <run_address>0x47b</run_address>
         <size>0x27</size>
         <input_file_ref idref="fl-4"/>
      </object_component>
      <object_component id="oc-1ac">
         <name>.debug_abbrev</name>
         <load_address>0x4a2</load_address>
         <run_address>0x4a2</run_address>
         <size>0x27</size>
         <input_file_ref idref="fl-4"/>
      </object_component>
      <object_component id="oc-1ae">
         <name>.debug_abbrev</name>
         <load_address>0x4c9</load_address>
         <run_address>0x4c9</run_address>
         <size>0x27</size>
         <input_file_ref idref="fl-4"/>
      </object_component>
      <object_component id="oc-ff">
         <name>.debug_abbrev</name>
         <load_address>0x4f0</load_address>
         <run_address>0x4f0</run_address>
         <size>0xd6</size>
         <input_file_ref idref="fl-4"/>
      </object_component>
      <object_component id="oc-1c9">
         <name>.debug_abbrev</name>
         <load_address>0x5c6</load_address>
         <run_address>0x5c6</run_address>
         <size>0x92</size>
         <input_file_ref idref="fl-5"/>
      </object_component>
      <object_component id="oc-1bb">
         <name>.debug_abbrev</name>
         <load_address>0x658</load_address>
         <run_address>0x658</run_address>
         <size>0x27</size>
         <input_file_ref idref="fl-5"/>
      </object_component>
      <object_component id="oc-1bf">
         <name>.debug_abbrev</name>
         <load_address>0x67f</load_address>
         <run_address>0x67f</run_address>
         <size>0x27</size>
         <input_file_ref idref="fl-5"/>
      </object_component>
      <object_component id="oc-1c1">
         <name>.debug_abbrev</name>
         <load_address>0x6a6</load_address>
         <run_address>0x6a6</run_address>
         <size>0x27</size>
         <input_file_ref idref="fl-5"/>
      </object_component>
      <object_component id="oc-1c3">
         <name>.debug_abbrev</name>
         <load_address>0x6cd</load_address>
         <run_address>0x6cd</run_address>
         <size>0x27</size>
         <input_file_ref idref="fl-5"/>
      </object_component>
      <object_component id="oc-1c5">
         <name>.debug_abbrev</name>
         <load_address>0x6f4</load_address>
         <run_address>0x6f4</run_address>
         <size>0x27</size>
         <input_file_ref idref="fl-5"/>
      </object_component>
      <object_component id="oc-1c7">
         <name>.debug_abbrev</name>
         <load_address>0x71b</load_address>
         <run_address>0x71b</run_address>
         <size>0x27</size>
         <input_file_ref idref="fl-5"/>
      </object_component>
      <object_component id="oc-1b9">
         <name>.debug_abbrev</name>
         <load_address>0x742</load_address>
         <run_address>0x742</run_address>
         <size>0x29</size>
         <input_file_ref idref="fl-5"/>
      </object_component>
      <object_component id="oc-12e">
         <name>.debug_abbrev</name>
         <load_address>0x76b</load_address>
         <run_address>0x76b</run_address>
         <size>0x101</size>
         <input_file_ref idref="fl-5"/>
      </object_component>
      <object_component id="oc-142">
         <name>.debug_abbrev</name>
         <load_address>0x86c</load_address>
         <run_address>0x86c</run_address>
         <size>0xf7</size>
         <input_file_ref idref="fl-6"/>
      </object_component>
      <object_component id="oc-9d">
         <name>.debug_abbrev</name>
         <load_address>0x963</load_address>
         <run_address>0x963</run_address>
         <size>0xa9</size>
         <input_file_ref idref="fl-6"/>
      </object_component>
      <object_component id="oc-1a4">
         <name>.debug_abbrev</name>
         <load_address>0xa0c</load_address>
         <run_address>0xa0c</run_address>
         <size>0xb4</size>
         <input_file_ref idref="fl-7"/>
      </object_component>
      <object_component id="oc-19e">
         <name>.debug_abbrev</name>
         <load_address>0xac0</load_address>
         <run_address>0xac0</run_address>
         <size>0x27</size>
         <input_file_ref idref="fl-7"/>
      </object_component>
      <object_component id="oc-1a2">
         <name>.debug_abbrev</name>
         <load_address>0xae7</load_address>
         <run_address>0xae7</run_address>
         <size>0x27</size>
         <input_file_ref idref="fl-7"/>
      </object_component>
      <object_component id="oc-19b">
         <name>.debug_abbrev</name>
         <load_address>0xb0e</load_address>
         <run_address>0xb0e</run_address>
         <size>0x27</size>
         <input_file_ref idref="fl-7"/>
      </object_component>
      <object_component id="oc-1a0">
         <name>.debug_abbrev</name>
         <load_address>0xb35</load_address>
         <run_address>0xb35</run_address>
         <size>0x27</size>
         <input_file_ref idref="fl-7"/>
      </object_component>
      <object_component id="oc-ef">
         <name>.debug_abbrev</name>
         <load_address>0xb5c</load_address>
         <run_address>0xb5c</run_address>
         <size>0x12e</size>
         <input_file_ref idref="fl-7"/>
      </object_component>
      <object_component id="oc-1a7">
         <name>.debug_abbrev</name>
         <load_address>0xc8a</load_address>
         <run_address>0xc8a</run_address>
         <size>0x38</size>
         <input_file_ref idref="fl-7"/>
      </object_component>
      <object_component id="oc-a8">
         <name>.debug_abbrev</name>
         <load_address>0xcc2</load_address>
         <run_address>0xcc2</run_address>
         <size>0x7c</size>
         <input_file_ref idref="fl-8"/>
      </object_component>
      <object_component id="oc-33">
         <name>.debug_abbrev</name>
         <load_address>0xd3e</load_address>
         <run_address>0xd3e</run_address>
         <size>0x29</size>
         <input_file_ref idref="fl-8"/>
      </object_component>
      <object_component id="oc-73">
         <name>.debug_abbrev</name>
         <load_address>0xd67</load_address>
         <run_address>0xd67</run_address>
         <size>0xcb</size>
         <input_file_ref idref="fl-8"/>
      </object_component>
      <object_component id="oc-1cf">
         <name>.debug_abbrev</name>
         <load_address>0xe32</load_address>
         <run_address>0xe32</run_address>
         <size>0x76</size>
         <input_file_ref idref="fl-9"/>
      </object_component>
      <object_component id="oc-1cb">
         <name>.debug_abbrev</name>
         <load_address>0xea8</load_address>
         <run_address>0xea8</run_address>
         <size>0x27</size>
         <input_file_ref idref="fl-9"/>
      </object_component>
      <object_component id="oc-1cd">
         <name>.debug_abbrev</name>
         <load_address>0xecf</load_address>
         <run_address>0xecf</run_address>
         <size>0x27</size>
         <input_file_ref idref="fl-9"/>
      </object_component>
      <object_component id="oc-136">
         <name>.debug_abbrev</name>
         <load_address>0xef6</load_address>
         <run_address>0xef6</run_address>
         <size>0x132</size>
         <input_file_ref idref="fl-9"/>
      </object_component>
      <object_component id="oc-237">
         <name>.debug_abbrev</name>
         <load_address>0x1028</load_address>
         <run_address>0x1028</run_address>
         <size>0x27</size>
         <input_file_ref idref="fl-10"/>
      </object_component>
      <object_component id="oc-19d">
         <name>.debug_abbrev</name>
         <load_address>0x104f</load_address>
         <run_address>0x104f</run_address>
         <size>0x50</size>
         <input_file_ref idref="fl-10"/>
      </object_component>
      <object_component id="oc-1b2">
         <name>.debug_abbrev</name>
         <load_address>0x109f</load_address>
         <run_address>0x109f</run_address>
         <size>0x52</size>
         <input_file_ref idref="fl-10"/>
      </object_component>
      <object_component id="oc-1b8">
         <name>.debug_abbrev</name>
         <load_address>0x10f1</load_address>
         <run_address>0x10f1</run_address>
         <size>0x52</size>
         <input_file_ref idref="fl-10"/>
      </object_component>
      <object_component id="oc-1bd">
         <name>.debug_abbrev</name>
         <load_address>0x1143</load_address>
         <run_address>0x1143</run_address>
         <size>0x5e</size>
         <input_file_ref idref="fl-10"/>
      </object_component>
      <object_component id="oc-1be">
         <name>.debug_abbrev</name>
         <load_address>0x11a1</load_address>
         <run_address>0x11a1</run_address>
         <size>0x52</size>
         <input_file_ref idref="fl-10"/>
      </object_component>
      <object_component id="oc-23b">
         <name>.debug_abbrev</name>
         <load_address>0x11f3</load_address>
         <run_address>0x11f3</run_address>
         <size>0x69</size>
         <input_file_ref idref="fl-10"/>
      </object_component>
      <object_component id="oc-1fd">
         <name>.debug_abbrev</name>
         <load_address>0x125c</load_address>
         <run_address>0x125c</run_address>
         <size>0x5c</size>
         <input_file_ref idref="fl-10"/>
      </object_component>
      <object_component id="oc-1b5">
         <name>.debug_abbrev</name>
         <load_address>0x12b8</load_address>
         <run_address>0x12b8</run_address>
         <size>0x24</size>
         <input_file_ref idref="fl-10"/>
      </object_component>
      <object_component id="oc-159">
         <name>.debug_abbrev</name>
         <load_address>0x12dc</load_address>
         <run_address>0x12dc</run_address>
         <size>0x5d</size>
         <input_file_ref idref="fl-c7"/>
      </object_component>
      <object_component id="oc-bd">
         <name>.debug_abbrev</name>
         <load_address>0x1339</load_address>
         <run_address>0x1339</run_address>
         <size>0x6f</size>
[...]
      </symbol>
      <symbol id="sm-381">
         <name>SysCtlFlashSectorSizeGet</name>
         <value>0x2ff</value>
         <object_component_ref idref="oc-74"/>
      </symbol>
      <symbol id="sm-382">
         <name>SysCtlIntDisable</name>
         <value>0x6cd</value>
         <object_component_ref idref="oc-74"/>
      </symbol>
      <symbol id="sm-383">
         <name>SysCtlResetBehaviorGet</name>
         <value>0x81d</value>
         <object_component_ref idref="oc-74"/>
      </symbol>
      <symbol id="sm-384">
         <name>SysCtlPeripheralPresent</name>
         <value>0x325</value>
         <object_component_ref idref="oc-74"/>
      </symbol>
      <symbol id="sm-385">
         <name>SysCtlDeepSleepClockSet</name>
         <value>0xedb</value>
         <object_component_ref idref="oc-74"/>
      </symbol>
      <symbol id="sm-386">
         <name>SysCtlClockSet</name>
         <value>0xb65</value>
         <object_component_ref idref="oc-74"/>
      </symbol>
      <symbol id="sm-387">
         <name>SysCtlAltClkConfig</name>
         <value>0x1145</value>
         <object_component_ref idref="oc-74"/>
      </symbol>
      <symbol id="sm-388">
         <name>SysCtlPeripheralClockGating</name>
         <value>0x63d</value>
         <object_component_ref idref="oc-74"/>
      </symbol>
      <symbol id="sm-389">
         <name>SysCtlIntStatus</name>
         <value>0x6f5</value>
         <object_component_ref idref="oc-74"/>
      </symbol>
      <symbol id="sm-38a">
         <name>SysCtlIntClear</name>
         <value>0x6e5</value>
         <object_component_ref idref="oc-74"/>
      </symbol>
      <symbol id="sm-38b">
         <name>SysCtlVoltageEventStatus</name>
         <value>0x1019</value>
         <object_component_ref idref="oc-74"/>
      </symbol>
      <symbol id="sm-38c">
         <name>SysCtlVoltageEventConfig</name>
         <value>0x1009</value>
         <object_component_ref idref="oc-74"/>
      </symbol>
      <symbol id="sm-38d">
         <name>SysCtlResetCauseGet</name>
         <value>0x78d</value>
         <object_component_ref idref="oc-74"/>
      </symbol>
      <symbol id="sm-38e">
         <name>SysCtlSleep</name>
         <value>0x769</value>
         <object_component_ref idref="oc-74"/>
      </symbol>
      <symbol id="sm-38f">
         <name>SysCtlPWMClockGet</name>
         <value>0xf9d</value>
         <object_component_ref idref="oc-74"/>
      </symbol>
      <symbol id="sm-390">
         <name>SysCtlDeepSleepPowerSet</name>
         <value>0x751</value>
         <object_component_ref idref="oc-74"/>
      </symbol>
      <symbol id="sm-391">
         <name>SysCtlClockOutConfig</name>
         <value>0x1129</value>
         <object_component_ref idref="oc-74"/>
      </symbol>
      <symbol id="sm-392">
         <name>SysCtlNMIStatus</name>
         <value>0x10f9</value>
         <object_component_ref idref="oc-74"/>
      </symbol>
      <symbol id="sm-393">
         <name>SysCtlDeepSleepClockConfigSet</name>
         <value>0xef9</value>
         <object_component_ref idref="oc-74"/>
      </symbol>
      <symbol id="sm-394">
         <name>SysCtlDelay</name>
         <value>0x2c8b</value>
         <object_component_ref idref="oc-ee"/>
      </symbol>
      <symbol id="sm-395">
         <name>SysCtlVoltageEventClear</name>
         <value>0x1025</value>
         <object_component_ref idref="oc-74"/>
      </symbol>
      <symbol id="sm-396">
         <name>SysCtlLDOSleepSet</name>
         <value>0x711</value>
         <object_component_ref idref="oc-74"/>
      </symbol>
      <symbol id="sm-397">
         <name>SysCtlMOSCConfigSet</name>
         <value>0x7a7</value>
         <object_component_ref idref="oc-74"/>
      </symbol>
      <symbol id="sm-398">
         <name>SysCtlPeripheralEnable</name>
         <value>0x4a5</value>
         <object_component_ref idref="oc-74"/>
      </symbol>
      <symbol id="sm-399">
         <name>SysCtlIntEnable</name>
         <value>0x6b9</value>
         <object_component_ref idref="oc-74"/>
      </symbol>
      <symbol id="sm-39a">
         <name>SysCtlNMIClear</name>
         <value>0x110d</value>
         <object_component_ref idref="oc-74"/>
      </symbol>
      <symbol id="sm-39b">
         <name>SysCtlPeripheralPowerOff</name>
         <value>0x3e1</value>
         <object_component_ref idref="oc-74"/>
      </symbol>
      <symbol id="sm-39c">
         <name>SysCtlSleepPowerSet</name>
         <value>0x73d</value>
         <object_component_ref idref="oc-74"/>
      </symbol>
      <symbol id="sm-39d">
         <name>SysCtlDeepSleep</name>
         <value>0x771</value>
         <object_component_ref idref="oc-74"/>
      </symbol>
      <symbol id="sm-39e">
         <name>SysCtlLDODeepSleepSet</name>
         <value>0x727</value>
         <object_component_ref idref="oc-74"/>
      </symbol>
      <symbol id="sm-39f">
         <name>SysCtlPeripheralPowerOn</name>
         <value>0x3a5</value>
         <object_component_ref idref="oc-74"/>
      </symbol>
      <symbol id="sm-3a0">
         <name>SysCtlPeripheralDeepSleepDisable</name>
         <value>0x5f5</value>
         <object_component_ref idref="oc-74"/>
      </symbol>
      <symbol id="sm-3a1">
         <name>SysCtlPeripheralSleepDisable</name>
         <value>0x569</value>
         <object_component_ref idref="oc-74"/>
      </symbol>
      <symbol id="sm-3a2">
         <name>SysCtlVCOGet</name>
         <value>0x103d</value>
         <object_component_ref idref="oc-74"/>
      </symbol>
      <symbol id="sm-3a3">
         <name>SysCtlResetBehaviorSet</name>
         <value>0x80d</value>
         <object_component_ref idref="oc-74"/>
      </symbol>
      <symbol id="sm-3a4">
         <name>SysCtlReset</name>
         <value>0x761</value>
         <object_component_ref idref="oc-74"/>
      </symbol>
      <symbol id="sm-3a5">
         <name>SysCtlGPIOAHBDisable</name>
         <value>0xfcf</value>
         <object_component_ref idref="oc-74"/>
      </symbol>
      <symbol id="sm-3a6">
         <name>SysCtlSRAMSizeGet</name>
         <value>0x2c9</value>
         <object_component_ref idref="oc-74"/>
      </symbol>
      <symbol id="sm-3a7">
         <name>SysCtlClockGet</name>
         <value>0xd35</value>
         <object_component_ref idref="oc-74"/>
      </symbol>
      <symbol id="sm-3a8">
         <name>SysCtlPeripheralDisable</name>
         <value>0x4e1</value>
         <object_component_ref idref="oc-74"/>
      </symbol>
      <symbol id="sm-3a9">
         <name>SysCtlPWMClockSet</name>
         <value>0xf83</value>
         <object_component_ref idref="oc-74"/>
      </symbol>
      <symbol id="sm-3aa">
         <name>SysCtlUSBPLLEnable</name>
         <value>0xfeb</value>
         <object_component_ref idref="oc-74"/>
      </symbol>
      <symbol id="sm-3ab">
         <name>SysCtlPeripheralSleepEnable</name>
         <value>0x525</value>
         <object_component_ref idref="oc-74"/>
      </symbol>
      <symbol id="sm-3ac">
         <name>SysCtlIntUnregister</name>
         <value>0x6a9</value>
         <object_component_ref idref="oc-74"/>
      </symbol>
      <symbol id="sm-3ad">
         <name>SysCtlUSBPLLDisable</name>
         <value>0xff7</value>
         <object_component_ref idref="oc-74"/>
      </symbol>
      <symbol id="sm-3ae">
         <name>SysCtlPeripheralReady</name>
         <value>0x365</value>
         <object_component_ref idref="oc-74"/>
      </symbol>
      <symbol id="sm-3af">
         <name>SysCtlPIOSCCalibrate</name>
         <value>0x7bd</value>
         <object_component_ref idref="oc-74"/>
      </symbol>
      <symbol id="sm-3b0">
         <name>SysCtlResetCauseClear</name>
         <value>0x793</value>
         <object_component_ref idref="oc-74"/>
      </symbol>
      <symbol id="sm-3b1">
         <name>SysCtlLDOSleepGet</name>
         <value>0x721</value>
         <object_component_ref idref="oc-74"/>
      </symbol>
      <symbol id="sm-3b2">
         <name>SysCtlClockFreqSet</name>
         <value>0x86d</value>
         <object_component_ref idref="oc-74"/>
      </symbol>
      <symbol id="sm-3b3">
         <name>SysCtlPeripheralReset</name>
         <value>0x41d</value>
         <object_component_ref idref="oc-74"/>
      </symbol>
      <symbol id="sm-3cf">
         <name>ResetISR</name>
         <value>0x2c6f</value>
         <object_component_ref idref="oc-27"/>
      </symbol>
      <symbol id="sm-3d0">
         <name>g_pfnVectors</name>
         <value>0x0</value>
         <object_component_ref idref="oc-12"/>
      </symbol>
      <symbol id="sm-443">
         <name>UARTClockSourceGet</name>
         <value>0x228b</value>
         <object_component_ref idref="oc-86"/>
      </symbol>
      <symbol id="sm-444">
         <name>UARTCharPutNonBlocking</name>
         <value>0x20fd</value>
         <object_component_ref idref="oc-86"/>
      </symbol>
      <symbol id="sm-445">
         <name>UARTDMAEnable</name>
         <value>0x2225</value>
         <object_component_ref idref="oc-86"/>
      </symbol>
      <symbol id="sm-446">
         <name>UARTTxIntModeSet</name>
         <value>0x2061</value>
         <object_component_ref idref="oc-86"/>
      </symbol>
      <symbol id="sm-447">
         <name>UARTFIFODisable</name>
         <value>0x1f0f</value>
         <object_component_ref idref="oc-86"/>
      </symbol>
      <symbol id="sm-448">
         <name>UARTIntUnregister</name>
         <value>0x21a5</value>
         <object_component_ref idref="oc-86"/>
      </symbol>
      <symbol id="sm-449">
         <name>UARTRxErrorClear</name>
         <value>0x2267</value>
         <object_component_ref idref="oc-86"/>
      </symbol>
      <symbol id="sm-44a">
         <name>UARTModemControlSet</name>
         <value>0x1fb1</value>
         <object_component_ref idref="oc-86"/>
      </symbol>
      <symbol id="sm-44b">
         <name>UARTFlowControlSet</name>
         <value>0x2033</value>
         <object_component_ref idref="oc-86"/>
      </symbol>
      <symbol id="sm-44c">
         <name>UARTConfigSetExpClk</name>
         <value>0x1de9</value>
         <object_component_ref idref="oc-86"/>
      </symbol>
      <symbol id="sm-44d">
         <name>UARTSmartCardDisable</name>
         <value>0x1f9b</value>
         <object_component_ref idref="oc-86"/>
      </symbol>
      <symbol id="sm-44e">
         <name>UARTDisable</name>
         <value>0x1ecf</value>
         <object_component_ref idref="oc-86"/>
      </symbol>
      <symbol id="sm-44f">
         <name>UART9BitDisable</name>
         <value>0x22b1</value>
         <object_component_ref idref="oc-86"/>
      </symbol>
      <symbol id="sm-450">
         <name>UARTFIFOLevelGet</name>
         <value>0x1dc1</value>
         <object_component_ref idref="oc-86"/>
      </symbol>
      <symbol id="sm-451">
         <name>UARTBusy</name>
         <value>0x2169</value>
         <object_component_ref idref="oc-86"/>
      </symbol>
      <symbol id="sm-452">
         <name>UARTDisableSIR</name>
         <value>0x1f53</value>
         <object_component_ref idref="oc-86"/>
      </symbol>
      <symbol id="sm-453">
         <name>UARTLoopbackEnable</name>
         <value>0x2335</value>
         <object_component_ref idref="oc-86"/>
      </symbol>
      <symbol id="sm-454">
         <name>UARTIntEnable</name>
         <value>0x21c5</value>
         <object_component_ref idref="oc-86"/>
      </symbol>
      <symbol id="sm-455">
         <name>UARTCharsAvail</name>
         <value>0x208f</value>
         <object_component_ref idref="oc-86"/>
      </symbol>
      <symbol id="sm-456">
         <name>UARTCharGetNonBlocking</name>
         <value>0x20cb</value>
         <object_component_ref idref="oc-86"/>
      </symbol>
      <symbol id="sm-457">
         <name>UARTClockSourceSet</name>
         <value>0x2277</value>
         <object_component_ref idref="oc-86"/>
      </symbol>
      <symbol id="sm-458">
         <name>UARTTxIntModeGet</name>
         <value>0x207d</value>
         <object_component_ref idref="oc-86"/>
      </symbol>
      <symbol id="sm-459">
         <name>UARTModemStatusGet</name>
         <value>0x201f</value>
         <object_component_ref idref="oc-86"/>
      </symbol>
      <symbol id="sm-45a">
         <name>UARTIntDisable</name>
         <value>0x21dd</value>
         <object_component_ref idref="oc-86"/>
      </symbol>
      <symbol id="sm-45b">
         <name>UARTCharPut</name>
         <value>0x2121</value>
         <object_component_ref idref="oc-86"/>
      </symbol>
      <symbol id="sm-45c">
         <name>UARTParityModeSet</name>
         <value>0x1d7b</value>
         <object_component_ref idref="oc-86"/>
      </symbol>
      <symbol id="sm-45d">
         <name>UARTRxErrorGet</name>
         <value>0x2255</value>
         <object_component_ref idref="oc-86"/>
      </symbol>
      <symbol id="sm-45e">
         <name>UARTConfigGetExpClk</name>
         <value>0x1e5f</value>
         <object_component_ref idref="oc-86"/>
      </symbol>
      <symbol id="sm-45f">
         <name>UARTEnableSIR</name>
         <value>0x1f25</value>
         <object_component_ref idref="oc-86"/>
      </symbol>
      <symbol id="sm-460">
         <name>UARTEnable</name>
         <value>0x1eab</value>
         <object_component_ref idref="oc-86"/>
      </symbol>
      <symbol id="sm-461">
         <name>UART9BitAddrSend</name>
         <value>0x22ed</value>
         <object_component_ref idref="oc-86"/>
      </symbol>
      <symbol id="sm-462">
         <name>UARTModemControlGet</name>
         <value>0x200d</value>
         <object_component_ref idref="oc-86"/>
      </symbol>
      <symbol id="sm-463">
         <name>UARTSmartCardEnable</name>
         <value>0x1f69</value>
         <object_component_ref idref="oc-86"/>
      </symbol>
      <symbol id="sm-464">
         <name>UARTFlowControlGet</name>
         <value>0x204f</value>
         <object_component_ref idref="oc-86"/>
      </symbol>
      <symbol id="sm-465">
         <name>UARTFIFOEnable</name>
         <value>0x1ef9</value>
         <object_component_ref idref="oc-86"/>
      </symbol>
      <symbol id="sm-466">
         <name>UARTIntClear</name>
         <value>0x2213</value>
         <object_component_ref idref="oc-86"/>
      </symbol>
      <symbol id="sm-467">
         <name>UARTIntStatus</name>
         <value>0x21f5</value>
         <object_component_ref idref="oc-86"/>
      </symbol>
      <symbol id="sm-468">
         <name>UARTDMADisable</name>
         <value>0x223d</value>
         <object_component_ref idref="oc-86"/>
      </symbol>
      <symbol id="sm-469">
         <name>UART9BitEnable</name>
         <value>0x229b</value>
         <object_component_ref idref="oc-86"/>
      </symbol>
      <symbol id="sm-46a">
         <name>UARTSpaceAvail</name>
         <value>0x20ad</value>
         <object_component_ref idref="oc-86"/>
      </symbol>
      <symbol id="sm-46b">
         <name>UARTCharGet</name>
         <value>0x20e7</value>
         <object_component_ref idref="oc-86"/>
      </symbol>
      <symbol id="sm-46c">
         <name>UARTFIFOLevelSet</name>
         <value>0x1da9</value>
         <object_component_ref idref="oc-86"/>
      </symbol>
      <symbol id="sm-46d">
         <name>UARTModemControlClear</name>
         <value>0x1fe9</value>
         <object_component_ref idref="oc-86"/>
      </symbol>
      <symbol id="sm-46e">
         <name>UARTParityModeGet</name>
         <value>0x1d97</value>
         <object_component_ref idref="oc-86"/>
      </symbol>
      <symbol id="sm-46f">
         <name>UARTIntRegister</name>
         <value>0x2187</value>
         <object_component_ref idref="oc-86"/>
      </symbol>
      <symbol id="sm-470">
         <name>UARTBreakCtl</name>
         <value>0x213f</value>
         <object_component_ref idref="oc-86"/>
      </symbol>
      <symbol id="sm-471">
         <name>UART9BitAddrSet</name>
         <value>0x22c7</value>
         <object_component_ref idref="oc-86"/>
      </symbol>
      <symbol id="sm-4ae">
         <name>CPUbasepriGet</name>
         <value>0x2c7b</value>
         <object_component_ref idref="oc-119"/>
      </symbol>
      <symbol id="sm-4af">
         <name>CPUbasepriSet</name>
         <value>0x2c85</value>
         <object_component_ref idref="oc-113"/>
      </symbol>
      <symbol id="sm-4b0">
         <name>CPUcpsie</name>
         <value>0x2c63</value>
         <object_component_ref idref="oc-101"/>
      </symbol>
      <symbol id="sm-4b1">
         <name>CPUcpsid</name>
         <value>0x2c57</value>
         <object_component_ref idref="oc-107"/>
      </symbol>
      <symbol id="sm-4b2">
         <name>CPUwfi</name>
         <value>0x2c91</value>
         <object_component_ref idref="oc-df"/>
      </symbol>
      <symbol id="sm-4c7">
         <name>__TI_zero_init_nomemset</name>
         <value>0x2c2d</value>
         <object_component_ref idref="oc-4d"/>
      </symbol>
      <symbol id="sm-4de">
         <name>__TI_decompress_none</name>
         <value>0x2c49</value>
         <object_component_ref idref="oc-1b"/>
      </symbol>
      <symbol id="sm-501">
         <name>__TI_decompress_lzss</name>
         <value>0x2b4d</value>
         <object_component_ref idref="oc-15"/>
      </symbol>
      <symbol id="sm-514">
         <name>__stack</name>
         <value>0x20000600</value>
         <object_component_ref idref="oc-24"/>
      </symbol>
      <symbol id="sm-515">
         <name>_c_int00_noargs</name>
         <value>0x2bf9</value>
         <object_component_ref idref="oc-5f"/>
      </symbol>
      <symbol id="sm-531">
         <name>memcpy</name>
         <value>0x2a45</value>
         <object_component_ref idref="oc-41"/>
      </symbol>
      <symbol id="sm-532">
         <name>__aeabi_memcpy</name>
         <value>0x2a45</value>
         <object_component_ref idref="oc-41"/>
      </symbol>
      <symbol id="sm-533">
         <name>__aeabi_memcpy8</name>
         <value>0x2a45</value>
         <object_component_ref idref="oc-41"/>
      </symbol>
      <symbol id="sm-534">
         <name>__aeabi_memcpy4</name>
         <value>0x2a45</value>
         <object_component_ref idref="oc-41"/>
      </symbol>
      <symbol id="sm-55d">
         <name>__TI_auto_init_nobinit_nopinit</name>
         <value>0x2bb5</value>
         <object_component_ref idref="oc-169"/>
      </symbol>
      <symbol id="sm-567">
         <name>_system_pre_init</name>
         <value>0x2c95</value>
         <object_component_ref idref="oc-ca"/>
      </symbol>
      <symbol id="sm-573">
         <name>C$$EXIT</name>
         <value>0x2c99</value>
         <object_component_ref idref="oc-15d"/>
      </symbol>
      <symbol id="sm-574">
         <name>abort</name>
         <value>0x2c99</value>
         <object_component_ref idref="oc-15d"/>
      </symbol>
      <symbol id="sm-577">
         <name>__TI_static_base__</name>
         <value>0x0</value>
      </symbol>
      <symbol id="sm-57a">
         <name>__mpu_init</name>
         <value>0x0</value>
      </symbol>
      <symbol id="sm-57b">
         <name>_system_post_cinit</name>
         <value>0x0</value>
      </symbol>
   </symbol_table>
   <title>Link errors: red sections failed placement</title>
</link_info>
